Microsoft (R) Macro Assembler Version 14.16.27030.1	    06/25/19 11:53:12
Animation exampl					     Page 1 - 1


				TITLE Animation example
				;; http://stackoverflow.com/questions/34217344/clear-screen-without-interrupt

				INCLUDE Irvine32.inc
			      C ; Include file for Irvine32.lib             (Irvine32.inc)
			      C 
			      C ;OPTION CASEMAP:NONE		; optional: make identifiers case-sensitive
			      C 
			      C INCLUDE SmallWin.inc		; MS-Windows prototypes, structures, and constants
			      C .NOLIST
			      C .LIST
			      C 
			      C INCLUDE VirtualKeys.inc
			      C ; VirtualKeys.inc
			      C .NOLIST
			      C .LIST
			      C 
			      C 
			      C .NOLIST
			      C .LIST
			      C 
				INCLUDELIB Winmm.lib

 00000002			CHARTYPE UNION
 00000000  0000				UnicodeChar    WORD ?
					AsciiChar      DB ?
				CHARTYPE ENDS

 00000004			CHAR_INFO STRUCT
 00000000  0000				Char          CHARTYPE <>
 00000002  0000				Attributes    WORD ?
				CHAR_INFO ENDS

 00000009			OBSTACULO_FASE STRUCT
 00000000  00				Movimento	  BYTE ? ;//0 estatico, 1 cima, 2 baixo, 3 direita, 4 esquerda
 00000001  00000000			X			  DWORD ? ;//Posicao x
 00000005  00000000			Y			  DWORD ? ;//Posicao y
				OBSTACULO_FASE ENDS

 = WriteConsoleOutputA		WriteConsoleOutput EQU <WriteConsoleOutputA>

				WriteConsoleOutput PROTO,
				hConsoleOutput : HANDLE,
				    lpBuffer : PTR CHAR_INFO,
				    dwBufferSize : COORD,
				    dwBufferCoord : COORD,
					lpWriteRegion : PTR SMALL_RECT

				CharToBuffer PROTO,
					bufx: DWORD,
					bufy: DWORD,
					char: WORD,
					cor: WORD

				RenderScene PROTO,
				    posx: DWORD,
				    posy: DWORD

				ChecaColisao PROTO,
				    px: DWORD,
				    py: DWORD

				MovimentaJogador PROTO, 
					px: DWORD,
					py: DWORD

				AtualizaFase PROTO, 
					pFase: DWORD,
					cFase: WORD

				AtualizaObstaculo PROTO,
					pObstaculo: DWORD

				PlaySound PROTO,
				    pszSound : PTR BYTE,
				    hmod : DWORD,
				    fdwSound : DWORD


 00000000			.data
 00000000 44 65 76 69 63	    deviceConnect BYTE "DeviceConnect", 0
	   65 43 6F 6E 6E
	   65 63 74 00

 0000000E 00010000		    SND_ALIAS    DWORD 00010000h
 00000012 00040005		    SND_RESOURCE DWORD 00040005h
 00000016 00020000		    SND_FILENAME DWORD 00020000h
 0000001A 00000001		    SND_ASYNC DWORD    00000001h

 0000001E 43 3A 5C 55 73	    file BYTE "C:\Users\vitor\Downloads\2019.1\Arq2\Projeto\labrinto\Debug\fail.wav", 0
	   65 72 73 5C 76
	   69 74 6F 72 5C
	   44 6F 77 6E 6C
	   6F 61 64 73 5C
	   32 30 31 39 2E
	   31 5C 41 72 71
	   32 5C 50 72 6F
	   6A 65 74 6F 5C
	   6C 61 62 72 69
	   6E 74 6F 5C 44
	   65 62 75 67 5C
	   66 61 69 6C 2E
	   77 61 76 00


 = 00000078				COLS = 120; number of columns;//Quantidade de colunas do mapa
 = 0000001E				ROWS = 30; number of rows;//Quantidade de linhas do mapa
 = 0000006F				COR_OBSTACULO = 6Fh;//Cor dos elementos do buffer
 = 00000060				COR_FUNDO = 60h
 = 0000006B				COR_OBJETIVO = 6Bh
 = 00000064				COR_PERSONAGEM = 64h
 = 00000020				ELEMENTO_FUNDO = ' '
 = 00000023				ELEMENTO_OBSTACULO = '#'
 = 0000004F				ELEMENTO_OBJETIVO = 'O'
 = 00000077				INI_X = COLS - 1
 = 0000000F				INI_Y = 15


 00000063 01 00000005			fase1 OBSTACULO_FASE <1d, 5d, 15d>, <2d, 13d, 15d>, <1d, 15d, 15d>, <2d, 21d, 15d>, <1d, 25d, 15d>, <2d, 33d, 15d>,
	   0000000F 02
	   0000000D
	   0000000F 01
	   0000000F
	   0000000F 02
	   00000015
	   0000000F 01
	   00000019
	   0000000F 02
	   00000021
	   0000000F 01
	   00000026
	   0000000F 02
	   00000028
	   0000000F 02
	   0000004D
	   0000000F 01
	   0000004B
	   0000000F 02
	   00000057
	   0000000F 01
	   00000059
	   0000000F 02
	   0000005F
	   0000000F 01
	   00000063
	   0000000F 02
	   00000067
	   0000000F 01
	   0000006E
	   0000000F
						<1d, 38d, 15d>, <2d, 40d, 15d>, <2d, 77d, 15d>, <1d, 75d, 15d>, <2d, 87d, 15d>, <1d, 89d, 15d>, <2d, 95d, 15d>,
						<1d, 99d, 15d>, <2d, 103d, 15d>, <1d, 110d, 15d>

 000000F3 01 00000005			fase2 OBSTACULO_FASE <1d, 5d, 15d>, <2d, 6d, 15d>, <1d, 7d, 15d>, <2d, 8d, 15d>, <1d, 9d, 15d>, <2d, 10d, 15d>,
	   0000000F 02
	   00000006
	   0000000F 01
	   00000007
	   0000000F 02
	   00000008
	   0000000F 01
	   00000009
	   0000000F 02
	   0000000A
	   0000000F 01
	   00000039
	   00000008 02
	   0000003A
	   00000008 01
	   0000003B
	   00000008 02
	   0000003C
	   00000008 01
	   0000003D
	   00000008 02
	   0000003E
	   00000008 01
	   00000069
	   00000019 02
	   0000006A
	   00000019 01
	   0000006B
	   00000019 02
	   0000006C
	   00000019 01
	   0000006D
	   00000019 02
	   0000006E
	   00000019
						<1d, 57d, 8d>, <2d, 58d, 8d>, <1d, 59d, 8d>, <2d, 60d, 8d>, <1d, 61d, 8d>, <2d, 62d, 8d>,
						<1d, 105d, 25d>, <2d, 106d, 25d>, <1d, 107d, 25d>, <2d, 108d, 25d>, <1d, 109d, 25d>, <2d, 110d, 25d>

 00000195 01 00000005		     fase3 OBSTACULO_FASE <1d, 5d, 15d>, <2d, 7d, 15d>, <1d, 9d, 15d>,  <2d, 11d, 15d>, <1d, 13d, 15d>, <2d, 15d, 15d>,
	   0000000F 02
	   00000007
	   0000000F 01
	   00000009
	   0000000F 02
	   0000000B
	   0000000F 01
	   0000000D
	   0000000F 02
	   0000000F
	   0000000F 01
	   00000011
	   0000000F 02
	   00000013
	   0000000F 01
	   00000015
	   0000000F 02
	   00000017
	   0000000F 01
	   00000019
	   0000000F 02
	   0000001B
	   0000000F 01
	   0000001D
	   0000000F 02
	   0000001F
	   0000000F 01
	   00000021
	   0000000F 02
	   00000023
	   0000000F 01
	   00000025
	   0000000F 02
	   00000027
	   0000000F 01
	   00000029
	   0000000F 02
	   0000002B
	   0000000F 01
	   0000002D
	   0000000F 02
	   0000002F
	   0000000F
					    <1d, 17d, 15d>, <2d, 19d, 15d>, <1d, 21d, 15d>, <2d, 23d, 15d>, <1d, 25d, 15d>, <2d, 27d, 15d>,<1d, 29d, 15d>,
					    <2d, 31d, 15d>, <1d, 33d, 15d>,  <2d, 35d, 15d>, <1d, 37d, 15d>, <2d, 39d, 15d>, <1d, 41d, 15d>, <2d, 43d, 15d>,
					    <1d, 45d, 15d>, <2d, 47d, 15d>

 0000025B 00000063 R			fases DWORD OFFSET fase1, OFFSET fase2, OFFSET fase3
	   000000F3 R
	   00000195 R

 00000267 00000000		    console HANDLE 0
 0000026B  00000E10 [		    buffer CHAR_INFO ROWS * COLS DUP(<<ELEMENTO_FUNDO>, COR_FUNDO>)
	    0020 0060
	   ]
 00003AAB 0078 001E		    bufferSize COORD <COLS, ROWS>
 00003AAF 0000 0000		    bufferCoord COORD <0, 0>
 00003AB3 0000 0000 0077	    region SMALL_RECT <0, 0, COLS - 1, ROWS - 1>
	   001D

 00003ABB 00000077		    x DWORD INI_X; current position
 00003ABF 0000000F		    y DWORD INI_Y; of the figure
 00003AC3 00FE			    character WORD 0FEh ;//Personagem principal

 00000000			.code
 00000000			main PROC
				    INVOKE PlaySound, OFFSET deviceConnect, NULL, SND_ALIAS
 00000000  FF 35 0000000E R *	    push   SND_ALIAS
 00000006  6A 00	   *	    push   +000000000h
 00000008  68 00000000 R   *	    push   dword  ptr OFFSET FLAT: deviceConnect
 0000000D  E8 00000000 E   *	    call   PlaySound
				    INVOKE GetStdHandle, STD_OUTPUT_HANDLE
 00000012  6A F5	   *	    push    -00000000Bh
 00000014  E8 00000000 E   *	    call   GetStdHandle
 00000019  A3 00000267 R	    mov console, eax; save console handle

 0000001E				ANIMATION:
				    invoke RenderScene, x, y
 0000001E  FF 35 00003ABF R *	    push   y
 00000024  FF 35 00003ABB R *	    push   x
 0000002A  E8 00000228	   *	    call   RenderScene
					invoke MovimentaJogador, OFFSET x, OFFSET y
 0000002F  68 00003ABF R   *	    push   dword  ptr OFFSET FLAT: y
 00000034  68 00003ABB R   *	    push   dword  ptr OFFSET FLAT: x
 00000039  E8 00000237	   *	    call   MovimentaJogador
				    invoke ChecaColisao, x, y
 0000003E  FF 35 00003ABF R *	    push   y
 00000044  FF 35 00003ABB R *	    push   x
 0000004A  E8 0000027A	   *	    call   ChecaColisao
 0000004F  83 F8 00		    cmp eax, 0
 00000052  74 2B		    jz CONTINUE
 00000054  83 F8 01		    cmp eax, 1
 00000057  EB 00		    jmp RESTART
				    ;jmp PROXIMA_FASE

 00000059				RESTART:
 00000059  C7 05 00003ABB R	    mov x, INI_X
	   00000077
 00000063  C7 05 00003ABF R	    mov y, INI_Y
	   0000000F
				    INVOKE PlaySound, OFFSET file, NULL, SND_ASYNC
 0000006D  FF 35 0000001A R *	    push   SND_ASYNC
 00000073  6A 00	   *	    push   +000000000h
 00000075  68 0000001E R   *	    push   dword  ptr OFFSET FLAT: file
 0000007A  E8 00000000 E   *	    call   PlaySound
 0000007F				CONTINUE:
					INVOKE CharToBuffer, x, y, character, COR_PERSONAGEM
 0000007F  6A 64	   *	    push   +000000064h
 00000081  83 EC 02	   *	    sub    esp, 002h
 00000084  66| FF 35
	   00003AC3 R	   *	    push   character
 0000008B  FF 35 00003ABF R *	    push   y
 00000091  FF 35 00003ABB R *	    push   x
 00000097  E8 000000C3	   *	    call   CharToBuffer
				    invoke WriteConsoleOutput, console,
				    ADDR buffer, bufferSize, bufferCoord, ADDR region
 0000009C  68 00003AB3 R   *	    push   OFFSET region
 000000A1  FF 35 00003AAF R *	    push   dword  ptr bufferCoord
 000000A7  FF 35 00003AAB R *	    push   dword  ptr bufferSize
 000000AD  68 0000026B R   *	    push   OFFSET buffer
 000000B2  FF 35 00000267 R *	    push   console
 000000B8  E8 00000000 E   *	    call   WriteConsoleOutputA
 000000BD  E9 FFFFFF5C		    jmp ANIMATION

				exit
 000000C2  6A 00	   *	    push   +000000000h
 000000C4  E8 00000000 E   *	    call   ExitProcess
 000000C9			main ENDP


 000000C9			ClearBuffer PROC USES eax ecx edx
 000000C9  50		   *	    push   eax
 000000CA  51		   *	    push   ecx
 000000CB  52		   *	    push   edx
 000000CC  33 C0		    xor eax, eax	;//EAX = 0

 000000CE				LINHA1:
 000000CE  66| C7 04 85			mov buffer[eax * CHAR_INFO].Char, ELEMENTO_OBSTACULO
	   0000026B R
	   0023
 000000D8  66| C7 04 85			mov buffer[eax * CHAR_INFO].Attributes, COR_OBSTACULO
	   0000026D R
	   006F
 000000E2  40				inc eax
 000000E3  83 F8 78			cmp eax, COLS
 000000E6  7C E6			jl LINHA1

 000000E8				COLUNAS:
 000000E8  66| C7 04 85			mov buffer[eax * CHAR_INFO].Char, ELEMENTO_OBSTACULO
	   0000026B R
	   0023
 000000F2  66| C7 04 85			mov buffer[eax * CHAR_INFO].Attributes, COR_OBSTACULO
	   0000026D R
	   006F
 000000FC  83 C0 77			add eax, COLS-1
 000000FF  66| C7 04 85			mov buffer[eax * CHAR_INFO].Char, ELEMENTO_OBSTACULO
	   0000026B R
	   0023
 00000109  66| C7 04 85			mov buffer[eax * CHAR_INFO].Attributes, COR_OBSTACULO
	   0000026D R
	   006F
 00000113  40				inc eax
 00000114  3D 00000D5E			cmp eax, (ROWS - 1)*(COLS - 2)
 00000119  7C CD			jl COLUNAS

 0000011B				LINHANROWS:
 0000011B  66| C7 04 85			mov buffer[eax * CHAR_INFO].Char, ELEMENTO_OBSTACULO
	   0000026B R
	   0023
 00000125  66| C7 04 85			mov buffer[eax * CHAR_INFO].Attributes, COR_OBSTACULO
	   0000026D R
	   006F
 0000012F  40				inc eax
 00000130  3D 00000E10			cmp eax, ROWS*COLS
 00000135  7C E4			jl LINHANROWS

					;//Bloco do objetivo
 00000137  66| C7 05			mov buffer[(15 * COLS) * CHAR_INFO].Char, ELEMENTO_OBJETIVO
	   00001E8B R
	   004F
 00000140  66| C7 05				mov buffer[(15 * COLS) * CHAR_INFO].Attributes, COR_OBJETIVO
	   00001E8D R
	   006B

					;//Remove o obstáculo da posição inicial
 00000149  66| C7 05			mov buffer[(16 * COLS - 1) * CHAR_INFO].Char, ELEMENTO_FUNDO
	   00002067 R
	   0020
 00000152  66| C7 05			mov buffer[(16 * COLS - 1) * CHAR_INFO].Attributes, COR_FUNDO
	   00002069 R
	   0060


				    ret
 0000015B  5A		   *	    pop    edx
 0000015C  59		   *	    pop    ecx
 0000015D  58		   *	    pop    eax
 0000015E  C3		   *	    ret    00000h
 0000015F			ClearBuffer ENDP


 0000015F			CharToBuffer PROC USES eax edx bufx: DWORD, bufy: DWORD, char: WORD, cor: WORD
 0000015F  55		   *	    push   ebp
 00000160  8B EC	   *	    mov    ebp, esp
 00000162  50		   *	    push   eax
 00000163  52		   *	    push   edx
 00000164  8B 45 0C		    mov eax, bufy
 00000167  BA 00000078		    mov edx, COLS
 0000016C  F7 E2		    mul edx
 0000016E  03 45 08		    add eax, bufx
 00000171  66| 8B 55 10		    mov dx, char
 00000175  66| 89 14 85		    mov buffer[eax * CHAR_INFO].Char, dx
	   0000026B R
 0000017D  66| 8B 55 14			mov dx, cor
 00000181  66| 89 14 85		    mov buffer[eax * CHAR_INFO].Attributes, dx
	   0000026D R
				    ret
 00000189  5A		   *	    pop    edx
 0000018A  58		   *	    pop    eax
 0000018B  C9		   *	    leave  
 0000018C  C2 0010	   *	    ret    00010h
 0000018F			CharToBuffer ENDP

 0000018F			AtualizaFase PROC USES eax ecx edx pFase: DWORD, cFase: WORD
 0000018F  55		   *	    push   ebp
 00000190  8B EC	   *	    mov    ebp, esp
 00000192  50		   *	    push   eax
 00000193  51		   *	    push   ecx
 00000194  52		   *	    push   edx
 00000195  8B 45 08			mov eax, pFase
 00000198  8B 4D 0C			mov ecx, DWORD PTR cFase

 0000019B				ATUALIZACAO:
					INVOKE CharToBuffer, DWORD PTR (OBSTACULO_FASE PTR [eax]).X, DWORD PTR (OBSTACULO_FASE PTR [eax]).Y, ELEMENTO_FUNDO, COR_FUNDO ;//Limpa a posição antiga
 0000019B  6A 60	   *	    push   +000000060h
 0000019D  6A 20	   *	    push   +000000020h
 0000019F  FF 70 05	   *	    push   dword  ptr [eax]+000000005h
 000001A2  FF 70 01	   *	    push   dword  ptr [eax]+000000001h
 000001A5  E8 FFFFFFB5	   *	    call   CharToBuffer
					INVOKE AtualizaObstaculo, eax ;//Atualiza a posição do obstáculo
 000001AA  50		   *	    push   eax
 000001AB  E8 0000001B	   *	    call   AtualizaObstaculo
					INVOKE CharToBuffer, (OBSTACULO_FASE PTR [eax]).X, DWORD PTR (OBSTACULO_FASE PTR [eax]).Y, ELEMENTO_OBSTACULO, COR_OBSTACULO
 000001B0  6A 6F	   *	    push   +00000006Fh
 000001B2  6A 23	   *	    push   +000000023h
 000001B4  FF 70 05	   *	    push   dword  ptr [eax]+000000005h
 000001B7  FF 70 01	   *	    push   dword  ptr [eax]+000000001h
 000001BA  E8 FFFFFFA0	   *	    call   CharToBuffer
 000001BF  83 C0 09			add eax, TYPE OBSTACULO_FASE
 000001C2  E2 D7			loop ATUALIZACAO

					ret
 000001C4  5A		   *	    pop    edx
 000001C5  59		   *	    pop    ecx
 000001C6  58		   *	    pop    eax
 000001C7  C9		   *	    leave  
 000001C8  C2 0008	   *	    ret    00008h
 000001CB			AtualizaFase ENDP

 000001CB			AtualizaObstaculo PROC USES eax edx ecx ebx esi pObstaculo: DWORD

 000001CB  55		   *	    push   ebp
 000001CC  8B EC	   *	    mov    ebp, esp
 000001CE  50		   *	    push   eax
 000001CF  52		   *	    push   edx
 000001D0  51		   *	    push   ecx
 000001D1  53		   *	    push   ebx
 000001D2  56		   *	    push   esi
 000001D3  8B 55 08			mov edx, pObstaculo

 000001D6  8B 5A 01			mov ebx, DWORD PTR(OBSTACULO_FASE PTR[edx]).X
 000001D9  8B 4A 05			mov ecx, DWORD PTR(OBSTACULO_FASE PTR[edx]).Y
 000001DC  0F B6 32			movzx esi, BYTE PTR (OBSTACULO_FASE PTR [edx]).Movimento
 000001DF  83 FE 00			cmp esi, 0
 000001E2  74 14			jz case0
 000001E4  83 FE 01			cmp esi, 1
 000001E7  74 11			jz case1
 000001E9  83 FE 02			cmp esi, 2
 000001EC  74 20			jz case2
 000001EE  83 FE 03			cmp esi, 3
 000001F1  74 2F			jz case3
 000001F3  83 FE 04			cmp esi, 4
 000001F6  74 3E			jz case4


 000001F8				case0:
 000001F8  EB 4E			jmp FIM

 000001FA				case1:
 000001FA  41				inc ecx
					INVOKE ChecaColisao, ebx, ecx
 000001FB  51		   *	    push   ecx
 000001FC  53		   *	    push   ebx
 000001FD  E8 000000C7	   *	    call   ChecaColisao
 00000202  83 F8 00			cmp eax, 0
 00000205  75 02			jnz INVERTEY

 00000207  EB 3F			jmp FIM

 00000209					INVERTEY:
 00000209  C6 02 02				mov BYTE PTR (OBSTACULO_FASE PTR[edx]).Movimento, 02h
 0000020C  EB 3A				jmp FIM

 0000020E				case2:
 0000020E  49				dec ecx
					INVOKE ChecaColisao, ebx, ecx
 0000020F  51		   *	    push   ecx
 00000210  53		   *	    push   ebx
 00000211  E8 000000B3	   *	    call   ChecaColisao
 00000216  83 F8 00			cmp eax, 0
 00000219  75 02			jnz INVERTEY2

 0000021B  EB 2B			jmp FIM

 0000021D					INVERTEY2:
 0000021D  C6 02 01				mov BYTE PTR (OBSTACULO_FASE PTR[edx]).Movimento, 01h
 00000220  EB 26				jmp FIM

 00000222				case3:
 00000222  43				inc ebx
					INVOKE ChecaColisao, ebx, ecx
 00000223  51		   *	    push   ecx
 00000224  53		   *	    push   ebx
 00000225  E8 0000009F	   *	    call   ChecaColisao
 0000022A  83 F8 00			cmp eax, 0
 0000022D  75 02			jnz INVERTEX

 0000022F  EB 17			jmp FIM

 00000231					INVERTEX:
 00000231  C6 02 04				mov BYTE PTR (OBSTACULO_FASE PTR[edx]).Movimento, 04h
 00000234  EB 12				jmp FIM

 00000236				case4:
 00000236  4B				dec ebx
					INVOKE ChecaColisao, ebx, ecx
 00000237  51		   *	    push   ecx
 00000238  53		   *	    push   ebx
 00000239  E8 0000008B	   *	    call   ChecaColisao
 0000023E  83 F8 00			cmp eax, 0
 00000241  75 02			jnz INVERTEX2

 00000243  EB 03			jmp FIM

 00000245					INVERTEX2:
 00000245  C6 02 03				mov BYTE PTR (OBSTACULO_FASE PTR[edx]).Movimento, 03h


 00000248				FIM:
 00000248  89 5A 01			mov DWORD PTR(OBSTACULO_FASE PTR[edx]).X, ebx
 0000024B  89 4A 05			mov DWORD PTR(OBSTACULO_FASE PTR[edx]).Y, ecx
					ret
 0000024E  5E		   *	    pop    esi
 0000024F  5B		   *	    pop    ebx
 00000250  59		   *	    pop    ecx
 00000251  5A		   *	    pop    edx
 00000252  58		   *	    pop    eax
 00000253  C9		   *	    leave  
 00000254  C2 0004	   *	    ret    00004h
 00000257			AtualizaObstaculo ENDP

 00000257			RenderScene PROC USES eax edx ecx posx: DWORD, posy: DWORD
 00000257  55		   *	    push   ebp
 00000258  8B EC	   *	    mov    ebp, esp
 0000025A  50		   *	    push   eax
 0000025B  52		   *	    push   edx
 0000025C  51		   *	    push   ecx
 0000025D  E8 FFFFFE67		    call ClearBuffer ;//Grid padrão do mapa
					INVOKE AtualizaFase, OFFSET fase2, LENGTHOF fase2
 00000262  6A 12	   *	    push   +000000012h
 00000264  68 000000F3 R   *	    push   dword  ptr OFFSET FLAT: fase2
 00000269  E8 FFFFFF21	   *	    call   AtualizaFase
				    ret
 0000026E  59		   *	    pop    ecx
 0000026F  5A		   *	    pop    edx
 00000270  58		   *	    pop    eax
 00000271  C9		   *	    leave  
 00000272  C2 0008	   *	    ret    00008h

 00000275			RenderScene ENDP
exemplo.asm(289) : warning A6004:procedure argument or local not referenced : posx
exemplo.asm(289) : warning A6004:procedure argument or local not referenced : posy

 00000275			MovimentaJogador PROC USES eax px: DWORD, py: DWORD

 00000275  55		   *	    push   ebp
 00000276  8B EC	   *	    mov    ebp, esp
 00000278  50		   *	    push   eax
 00000279  8B 55 0C			mov edx, py
 0000027C  8B 4D 08			mov ecx, px

 0000027F  B8 00000019			mov eax, 25
 00000284  E8 00000000 E		call Delay
 00000289  E8 00000000 E		call ReadKey
 0000028E  74 34			jz RESUME

 00000290  8B 55 0C			mov edx, py ;//Sobrescrevendo edx com posy; ReadKey altera EDX

					INVOKE CharToBuffer, [ecx], [edx], ELEMENTO_FUNDO, COR_FUNDO
 00000293  6A 60	   *	    push   +000000060h
 00000295  6A 20	   *	    push   +000000020h
 00000297  FF 32	   *	    push   dword  ptr [edx]
 00000299  FF 31	   *	    push   dword  ptr [ecx]
 0000029B  E8 FFFFFEBF	   *	    call   CharToBuffer

 000002A0  80 FC 50			cmp ah, 50h
 000002A3  74 1D			jz INCREMENTO_Y ;//Cima
 000002A5  80 FC 48			cmp ah, 48h
 000002A8  74 0C			jz DECREMENTO_Y ;//Baixo
 000002AA  80 FC 4D			cmp ah, 4Dh
 000002AD  74 0F			jz INCREMENTO_X ;//Direita
 000002AF  80 FC 4B			cmp ah, 4Bh
 000002B2  74 06			jz DECREMENTO_X ;//Esquerda
 000002B4  EB 0E			jmp RESUME

 000002B6				DECREMENTO_Y :
 000002B6  FF 0A			dec DWORD PTR [edx]
 000002B8  EB 0A			jmp RESUME

 000002BA				DECREMENTO_X :
 000002BA  FF 09			dec DWORD PTR[ecx]
 000002BC  EB 06			jmp RESUME

 000002BE				INCREMENTO_X :
 000002BE  FF 01			inc DWORD PTR[ecx]
 000002C0  EB 02			jmp RESUME

 000002C2				INCREMENTO_Y :
 000002C2  FF 02			inc DWORD PTR[edx]

 000002C4				RESUME:
					ret
 000002C4  58		   *	    pop    eax
 000002C5  C9		   *	    leave  
 000002C6  C2 0008	   *	    ret    00008h
 000002C9			MovimentaJogador ENDP

 000002C9			ChecaColisao PROC USES edx px: DWORD, py: DWORD
 000002C9  55		   *	    push   ebp
 000002CA  8B EC	   *	    mov    ebp, esp
 000002CC  52		   *	    push   edx
 000002CD  8B 45 0C		    mov eax, py
 000002D0  BA 00000078		    mov edx, COLS
 000002D5  F7 E2		    mul edx
 000002D7  03 45 08		    add eax, px
 000002DA  66| 83 3C 85		    cmp buffer[eax * CHAR_INFO].Char, ' '
	   0000026B R 20
 000002E3  74 21		    jz NAO_COLIDIU
 000002E5  66| 81 3C 85		    cmp buffer[eax * CHAR_INFO].Char, 0FEh
	   0000026B R
	   00FE
 000002EF  74 15		    jz NAO_COLIDIU
 000002F1  66| 83 3C 85		    cmp buffer[eax * CHAR_INFO].Char, '#'
	   0000026B R 23
 000002FA  74 11		    jz COLIDIU_OBSTACULO
 000002FC  B8 00000002		    mov eax, 2 ;Colidiu com o Objetivo!
 00000301			RESUME2:
				    ret
 00000301  5A		   *	    pop    edx
 00000302  C9		   *	    leave  
 00000303  C2 0008	   *	    ret    00008h

 00000306			NAO_COLIDIU:
 00000306  B8 00000000		    mov eax, 0
 0000030B  EB F4		    jmp RESUME2

 0000030D			COLIDIU_OBSTACULO:
 0000030D  B8 00000001		    mov eax, 1
 00000312  EB ED		    jmp RESUME2


 00000314			ChecaColisao ENDP

				END main
Microsoft (R) Macro Assembler Version 14.16.27030.1	    06/25/19 11:53:12
Animation exampl					     Symbols 2 - 1




Structures and Unions:

                N a m e                  Size
                                         Offset      Type

CHARTYPE . . . . . . . . . . . .	 00000002
  UnicodeChar  . . . . . . . . .	 00000000	 Word
  AsciiChar  . . . . . . . . . .	 00000000	 Byte
CHAR_INFO  . . . . . . . . . . .	 00000004
  Char . . . . . . . . . . . . .	 00000000	 Word
  Attributes . . . . . . . . . .	 00000002	 Word
CONSOLE_CURSOR_INFO  . . . . . .	 00000008
  dwSize . . . . . . . . . . . .	 00000000	 DWord
  bVisible . . . . . . . . . . .	 00000004	 DWord
CONSOLE_SCREEN_BUFFER_INFO . . .	 00000016
  dwSize . . . . . . . . . . . .	 00000000	 DWord
  dwCursorPosition . . . . . . .	 00000004	 DWord
  wAttributes  . . . . . . . . .	 00000008	 Word
  srWindow . . . . . . . . . . .	 0000000A	 QWord
  dwMaximumWindowSize  . . . . .	 00000012	 DWord
COORD  . . . . . . . . . . . . .	 00000004
  X  . . . . . . . . . . . . . .	 00000000	 Word
  Y  . . . . . . . . . . . . . .	 00000002	 Word
FILETIME . . . . . . . . . . . .	 00000008
  loDateTime . . . . . . . . . .	 00000000	 DWord
  hiDateTime . . . . . . . . . .	 00000004	 DWord
FOCUS_EVENT_RECORD . . . . . . .	 00000004
  bSetFocus  . . . . . . . . . .	 00000000	 DWord
FPU_ENVIRON  . . . . . . . . . .	 0000001C
  controlWord  . . . . . . . . .	 00000000	 Word
  statusWord . . . . . . . . . .	 00000004	 Word
  tagWord  . . . . . . . . . . .	 00000008	 Word
  instrPointerOffset . . . . . .	 0000000C	 DWord
  instrPointerSelector . . . . .	 00000010	 DWord
  operandPointerOffset . . . . .	 00000014	 DWord
  operandPointerSelector . . . .	 00000018	 Word
INPUT_RECORD . . . . . . . . . .	 00000014
  EventType  . . . . . . . . . .	 00000000	 Word
  Event  . . . . . . . . . . . .	 00000004	 XmmWord
  bKeyDown . . . . . . . . . . .	 00000000	 DWord
  wRepeatCount . . . . . . . . .	 00000004	 Word
  wVirtualKeyCode  . . . . . . .	 00000006	 Word
  wVirtualScanCode . . . . . . .	 00000008	 Word
  uChar  . . . . . . . . . . . .	 0000000A	 Word
  UnicodeChar  . . . . . . . . .	 00000000	 Word
  AsciiChar  . . . . . . . . . .	 00000000	 Byte
  dwControlKeyState  . . . . . .	 0000000C	 DWord
  dwMousePosition  . . . . . . .	 00000000	 DWord
  dwButtonState  . . . . . . . .	 00000004	 DWord
  dwMouseControlKeyState . . . .	 00000008	 DWord
  dwEventFlags . . . . . . . . .	 0000000C	 DWord
  dwSize . . . . . . . . . . . .	 00000000	 DWord
  dwCommandId  . . . . . . . . .	 00000000	 DWord
  bSetFocus  . . . . . . . . . .	 00000000	 DWord
KEY_EVENT_RECORD . . . . . . . .	 00000010
  bKeyDown . . . . . . . . . . .	 00000000	 DWord
  wRepeatCount . . . . . . . . .	 00000004	 Word
  wVirtualKeyCode  . . . . . . .	 00000006	 Word
  wVirtualScanCode . . . . . . .	 00000008	 Word
  uChar  . . . . . . . . . . . .	 0000000A	 Word
  UnicodeChar  . . . . . . . . .	 00000000	 Word
  AsciiChar  . . . . . . . . . .	 00000000	 Byte
  dwControlKeyState  . . . . . .	 0000000C	 DWord
MENU_EVENT_RECORD  . . . . . . .	 00000004
  dwCommandId  . . . . . . . . .	 00000000	 DWord
MOUSE_EVENT_RECORD . . . . . . .	 00000010
  dwMousePosition  . . . . . . .	 00000000	 DWord
  dwButtonState  . . . . . . . .	 00000004	 DWord
  dwMouseControlKeyState . . . .	 00000008	 DWord
  dwEventFlags . . . . . . . . .	 0000000C	 DWord
OBSTACULO_FASE . . . . . . . . .	 00000009
  Movimento  . . . . . . . . . .	 00000000	 Byte
  X  . . . . . . . . . . . . . .	 00000001	 DWord
  Y  . . . . . . . . . . . . . .	 00000005	 DWord
SMALL_RECT . . . . . . . . . . .	 00000008
  Left . . . . . . . . . . . . .	 00000000	 Word
  Top  . . . . . . . . . . . . .	 00000002	 Word
  Right  . . . . . . . . . . . .	 00000004	 Word
  Bottom . . . . . . . . . . . .	 00000006	 Word
SYSTEMTIME . . . . . . . . . . .	 00000010
  wYear  . . . . . . . . . . . .	 00000000	 Word
  wMonth . . . . . . . . . . . .	 00000002	 Word
  wDayOfWeek . . . . . . . . . .	 00000004	 Word
  wDay . . . . . . . . . . . . .	 00000006	 Word
  wHour  . . . . . . . . . . . .	 00000008	 Word
  wMinute  . . . . . . . . . . .	 0000000A	 Word
  wSecond  . . . . . . . . . . .	 0000000C	 Word
  wMilliseconds  . . . . . . . .	 0000000E	 Word
WINDOW_BUFFER_SIZE_RECORD  . . .	 00000004
  dwSize . . . . . . . . . . . .	 00000000	 DWord


Segments and Groups:

                N a m e                 Size     Length   Align   Combine Class

FLAT . . . . . . . . . . . . . .	GROUP
STACK  . . . . . . . . . . . . .	32 Bit	 00001000 Para	  Stack	  'STACK'	 
_DATA  . . . . . . . . . . . . .	32 Bit	 00003AC5 Para	  Public  'DATA'	
_TEXT  . . . . . . . . . . . . .	32 Bit	 00000314 Para	  Public  'CODE'	


Procedures, parameters, and locals:

                N a m e                 Type     Value    Attr

AtualizaFase . . . . . . . . . .	P Near	 0000018F _TEXT	Length= 0000003C Public STDCALL
  pFase  . . . . . . . . . . . .	DWord	 bp + 00000008
  cFase  . . . . . . . . . . . .	Word	 bp + 0000000C
  ATUALIZACAO  . . . . . . . . .	L Near	 0000019B _TEXT	
AtualizaObstaculo  . . . . . . .	P Near	 000001CB _TEXT	Length= 0000008C Public STDCALL
  pObstaculo . . . . . . . . . .	DWord	 bp + 00000008
  case0  . . . . . . . . . . . .	L Near	 000001F8 _TEXT	
  case1  . . . . . . . . . . . .	L Near	 000001FA _TEXT	
  INVERTEY . . . . . . . . . . .	L Near	 00000209 _TEXT	
  case2  . . . . . . . . . . . .	L Near	 0000020E _TEXT	
  INVERTEY2  . . . . . . . . . .	L Near	 0000021D _TEXT	
  case3  . . . . . . . . . . . .	L Near	 00000222 _TEXT	
  INVERTEX . . . . . . . . . . .	L Near	 00000231 _TEXT	
  case4  . . . . . . . . . . . .	L Near	 00000236 _TEXT	
  INVERTEX2  . . . . . . . . . .	L Near	 00000245 _TEXT	
  FIM  . . . . . . . . . . . . .	L Near	 00000248 _TEXT	
CharToBuffer . . . . . . . . . .	P Near	 0000015F _TEXT	Length= 00000030 Public STDCALL
  bufx . . . . . . . . . . . . .	DWord	 bp + 00000008
  bufy . . . . . . . . . . . . .	DWord	 bp + 0000000C
  char . . . . . . . . . . . . .	Word	 bp + 00000010
  cor  . . . . . . . . . . . . .	Word	 bp + 00000014
ChecaColisao . . . . . . . . . .	P Near	 000002C9 _TEXT	Length= 0000004B Public STDCALL
  px . . . . . . . . . . . . . .	DWord	 bp + 00000008
  py . . . . . . . . . . . . . .	DWord	 bp + 0000000C
  RESUME2  . . . . . . . . . . .	L Near	 00000301 _TEXT	
  NAO_COLIDIU  . . . . . . . . .	L Near	 00000306 _TEXT	
  COLIDIU_OBSTACULO  . . . . . .	L Near	 0000030D _TEXT	
ClearBuffer  . . . . . . . . . .	P Near	 000000C9 _TEXT	Length= 00000096 Public STDCALL
  LINHA1 . . . . . . . . . . . .	L Near	 000000CE _TEXT	
  COLUNAS  . . . . . . . . . . .	L Near	 000000E8 _TEXT	
  LINHANROWS . . . . . . . . . .	L Near	 0000011B _TEXT	
CloseFile  . . . . . . . . . . .	P Near	 00000000 FLAT	Length= 00000000 External STDCALL
CloseHandle  . . . . . . . . . .	P Near	 00000000 FLAT	Length= 00000000 External STDCALL
Clrscr . . . . . . . . . . . . .	P Near	 00000000 FLAT	Length= 00000000 External STDCALL
CreateFileA  . . . . . . . . . .	P Near	 00000000 FLAT	Length= 00000000 External STDCALL
CreateOutputFile . . . . . . . .	P Near	 00000000 FLAT	Length= 00000000 External STDCALL
Crlf . . . . . . . . . . . . . .	P Near	 00000000 FLAT	Length= 00000000 External STDCALL
Delay  . . . . . . . . . . . . .	P Near	 00000000 FLAT	Length= 00000000 External STDCALL
DumpMem  . . . . . . . . . . . .	P Near	 00000000 FLAT	Length= 00000000 External STDCALL
DumpRegs . . . . . . . . . . . .	P Near	 00000000 FLAT	Length= 00000000 External STDCALL
ExitProcess  . . . . . . . . . .	P Near	 00000000 FLAT	Length= 00000000 External STDCALL
FileTimeToDosDateTime  . . . . .	P Near	 00000000 FLAT	Length= 00000000 External STDCALL
FileTimeToSystemTime . . . . . .	P Near	 00000000 FLAT	Length= 00000000 External STDCALL
FlushConsoleInputBuffer  . . . .	P Near	 00000000 FLAT	Length= 00000000 External STDCALL
FormatMessageA . . . . . . . . .	P Near	 00000000 FLAT	Length= 00000000 External STDCALL
GetCommandLineA  . . . . . . . .	P Near	 00000000 FLAT	Length= 00000000 External STDCALL
GetCommandTail . . . . . . . . .	P Near	 00000000 FLAT	Length= 00000000 External STDCALL
GetConsoleCP . . . . . . . . . .	P Near	 00000000 FLAT	Length= 00000000 External STDCALL
GetConsoleCursorInfo . . . . . .	P Near	 00000000 FLAT	Length= 00000000 External STDCALL
GetConsoleMode . . . . . . . . .	P Near	 00000000 FLAT	Length= 00000000 External STDCALL
GetConsoleScreenBufferInfo . . .	P Near	 00000000 FLAT	Length= 00000000 External STDCALL
GetDateTime  . . . . . . . . . .	P Near	 00000000 FLAT	Length= 00000000 External STDCALL
GetFileTime  . . . . . . . . . .	P Near	 00000000 FLAT	Length= 00000000 External STDCALL
GetKeyState  . . . . . . . . . .	P Near	 00000000 FLAT	Length= 00000000 External STDCALL
GetLastError . . . . . . . . . .	P Near	 00000000 FLAT	Length= 00000000 External STDCALL
GetLocalTime . . . . . . . . . .	P Near	 00000000 FLAT	Length= 00000000 External STDCALL
GetMaxXY . . . . . . . . . . . .	P Near	 00000000 FLAT	Length= 00000000 External STDCALL
GetMseconds  . . . . . . . . . .	P Near	 00000000 FLAT	Length= 00000000 External STDCALL
GetNumberOfConsoleInputEvents  .	P Near	 00000000 FLAT	Length= 00000000 External STDCALL
GetProcessHeap . . . . . . . . .	P Near	 00000000 FLAT	Length= 00000000 External STDCALL
GetStdHandle . . . . . . . . . .	P Near	 00000000 FLAT	Length= 00000000 External STDCALL
GetSystemTime  . . . . . . . . .	P Near	 00000000 FLAT	Length= 00000000 External STDCALL
GetTextColor . . . . . . . . . .	P Near	 00000000 FLAT	Length= 00000000 External STDCALL
GetTickCount . . . . . . . . . .	P Near	 00000000 FLAT	Length= 00000000 External STDCALL
Gotoxy . . . . . . . . . . . . .	P Near	 00000000 FLAT	Length= 00000000 External STDCALL
HeapAlloc  . . . . . . . . . . .	P Near	 00000000 FLAT	Length= 00000000 External STDCALL
HeapCreate . . . . . . . . . . .	P Near	 00000000 FLAT	Length= 00000000 External STDCALL
HeapDestroy  . . . . . . . . . .	P Near	 00000000 FLAT	Length= 00000000 External STDCALL
HeapFree . . . . . . . . . . . .	P Near	 00000000 FLAT	Length= 00000000 External STDCALL
HeapSize . . . . . . . . . . . .	P Near	 00000000 FLAT	Length= 00000000 External STDCALL
IsDigit  . . . . . . . . . . . .	P Near	 00000000 FLAT	Length= 00000000 External STDCALL
LocalFree  . . . . . . . . . . .	P Near	 00000000 FLAT	Length= 00000000 External STDCALL
MessageBoxA  . . . . . . . . . .	P Near	 00000000 FLAT	Length= 00000000 External STDCALL
MovimentaJogador . . . . . . . .	P Near	 00000275 _TEXT	Length= 00000054 Public STDCALL
  px . . . . . . . . . . . . . .	DWord	 bp + 00000008
  py . . . . . . . . . . . . . .	DWord	 bp + 0000000C
  DECREMENTO_Y . . . . . . . . .	L Near	 000002B6 _TEXT	
  DECREMENTO_X . . . . . . . . .	L Near	 000002BA _TEXT	
  INCREMENTO_X . . . . . . . . .	L Near	 000002BE _TEXT	
  INCREMENTO_Y . . . . . . . . .	L Near	 000002C2 _TEXT	
  RESUME . . . . . . . . . . . .	L Near	 000002C4 _TEXT	
MsgBoxAsk  . . . . . . . . . . .	P Near	 00000000 FLAT	Length= 00000000 External STDCALL
MsgBox . . . . . . . . . . . . .	P Near	 00000000 FLAT	Length= 00000000 External STDCALL
OpenInputFile  . . . . . . . . .	P Near	 00000000 FLAT	Length= 00000000 External STDCALL
ParseDecimal32 . . . . . . . . .	P Near	 00000000 FLAT	Length= 00000000 External STDCALL
ParseInteger32 . . . . . . . . .	P Near	 00000000 FLAT	Length= 00000000 External STDCALL
PeekConsoleInputA  . . . . . . .	P Near	 00000000 FLAT	Length= 00000000 External STDCALL
PlaySound  . . . . . . . . . . .	P Near	 00000000 FLAT	Length= 00000000 External STDCALL
Random32 . . . . . . . . . . . .	P Near	 00000000 FLAT	Length= 00000000 External STDCALL
RandomRange  . . . . . . . . . .	P Near	 00000000 FLAT	Length= 00000000 External STDCALL
Randomize  . . . . . . . . . . .	P Near	 00000000 FLAT	Length= 00000000 External STDCALL
ReadChar . . . . . . . . . . . .	P Near	 00000000 FLAT	Length= 00000000 External STDCALL
ReadConsoleA . . . . . . . . . .	P Near	 00000000 FLAT	Length= 00000000 External STDCALL
ReadConsoleInputA  . . . . . . .	P Near	 00000000 FLAT	Length= 00000000 External STDCALL
ReadDec  . . . . . . . . . . . .	P Near	 00000000 FLAT	Length= 00000000 External STDCALL
ReadFile . . . . . . . . . . . .	P Near	 00000000 FLAT	Length= 00000000 External STDCALL
ReadFloat  . . . . . . . . . . .	P Near	 00000000 FLAT	Length= 00000000 External STDCALL
ReadFromFile . . . . . . . . . .	P Near	 00000000 FLAT	Length= 00000000 External STDCALL
ReadHex  . . . . . . . . . . . .	P Near	 00000000 FLAT	Length= 00000000 External STDCALL
ReadInt  . . . . . . . . . . . .	P Near	 00000000 FLAT	Length= 00000000 External STDCALL
ReadKeyFlush . . . . . . . . . .	P Near	 00000000 FLAT	Length= 00000000 External STDCALL
ReadKey  . . . . . . . . . . . .	P Near	 00000000 FLAT	Length= 00000000 External STDCALL
ReadString . . . . . . . . . . .	P Near	 00000000 FLAT	Length= 00000000 External STDCALL
RenderScene  . . . . . . . . . .	P Near	 00000257 _TEXT	Length= 0000001E Public STDCALL
  posx . . . . . . . . . . . . .	DWord	 bp + 00000008
  posy . . . . . . . . . . . . .	DWord	 bp + 0000000C
SetConsoleCursorInfo . . . . . .	P Near	 00000000 FLAT	Length= 00000000 External STDCALL
SetConsoleCursorPosition . . . .	P Near	 00000000 FLAT	Length= 00000000 External STDCALL
SetConsoleMode . . . . . . . . .	P Near	 00000000 FLAT	Length= 00000000 External STDCALL
SetConsoleScreenBufferSize . . .	P Near	 00000000 FLAT	Length= 00000000 External STDCALL
SetConsoleTextAttribute  . . . .	P Near	 00000000 FLAT	Length= 00000000 External STDCALL
SetConsoleTitleA . . . . . . . .	P Near	 00000000 FLAT	Length= 00000000 External STDCALL
SetConsoleWindowInfo . . . . . .	P Near	 00000000 FLAT	Length= 00000000 External STDCALL
SetFilePointer . . . . . . . . .	P Near	 00000000 FLAT	Length= 00000000 External STDCALL
SetLocalTime . . . . . . . . . .	P Near	 00000000 FLAT	Length= 00000000 External STDCALL
SetTextColor . . . . . . . . . .	P Near	 00000000 FLAT	Length= 00000000 External STDCALL
ShowFPUStack . . . . . . . . . .	P Near	 00000000 FLAT	Length= 00000000 External STDCALL
Sleep  . . . . . . . . . . . . .	P Near	 00000000 FLAT	Length= 00000000 External STDCALL
StrLength  . . . . . . . . . . .	P Near	 00000000 FLAT	Length= 00000000 External STDCALL
Str_compare  . . . . . . . . . .	P Near	 00000000 FLAT	Length= 00000000 External STDCALL
Str_copy . . . . . . . . . . . .	P Near	 00000000 FLAT	Length= 00000000 External STDCALL
Str_length . . . . . . . . . . .	P Near	 00000000 FLAT	Length= 00000000 External STDCALL
Str_trim . . . . . . . . . . . .	P Near	 00000000 FLAT	Length= 00000000 External STDCALL
Str_ucase  . . . . . . . . . . .	P Near	 00000000 FLAT	Length= 00000000 External STDCALL
SystemTimeToFileTime . . . . . .	P Near	 00000000 FLAT	Length= 00000000 External STDCALL
WaitMsg  . . . . . . . . . . . .	P Near	 00000000 FLAT	Length= 00000000 External STDCALL
WriteBinB  . . . . . . . . . . .	P Near	 00000000 FLAT	Length= 00000000 External STDCALL
WriteBin . . . . . . . . . . . .	P Near	 00000000 FLAT	Length= 00000000 External STDCALL
WriteChar  . . . . . . . . . . .	P Near	 00000000 FLAT	Length= 00000000 External STDCALL
WriteConsoleA  . . . . . . . . .	P Near	 00000000 FLAT	Length= 00000000 External STDCALL
WriteConsoleOutputAttribute  . .	P Near	 00000000 FLAT	Length= 00000000 External STDCALL
WriteConsoleOutputA  . . . . . .	P Near	 00000000 FLAT	Length= 00000000 External STDCALL
WriteConsoleOutputCharacterA . .	P Near	 00000000 FLAT	Length= 00000000 External STDCALL
WriteDec . . . . . . . . . . . .	P Near	 00000000 FLAT	Length= 00000000 External STDCALL
WriteFile  . . . . . . . . . . .	P Near	 00000000 FLAT	Length= 00000000 External STDCALL
WriteFloat . . . . . . . . . . .	P Near	 00000000 FLAT	Length= 00000000 External STDCALL
WriteHexB  . . . . . . . . . . .	P Near	 00000000 FLAT	Length= 00000000 External STDCALL
WriteHex . . . . . . . . . . . .	P Near	 00000000 FLAT	Length= 00000000 External STDCALL
WriteInt . . . . . . . . . . . .	P Near	 00000000 FLAT	Length= 00000000 External STDCALL
WriteStackFrameName  . . . . . .	P Near	 00000000 FLAT	Length= 00000000 External STDCALL
WriteStackFrame  . . . . . . . .	P Near	 00000000 FLAT	Length= 00000000 External STDCALL
WriteString  . . . . . . . . . .	P Near	 00000000 FLAT	Length= 00000000 External STDCALL
WriteToFile  . . . . . . . . . .	P Near	 00000000 FLAT	Length= 00000000 External STDCALL
WriteWindowsMsg  . . . . . . . .	P Near	 00000000 FLAT	Length= 00000000 External STDCALL
main . . . . . . . . . . . . . .	P Near	 00000000 _TEXT	Length= 000000C9 Public STDCALL
  ANIMATION  . . . . . . . . . .	L Near	 0000001E _TEXT	
  RESTART  . . . . . . . . . . .	L Near	 00000059 _TEXT	
  CONTINUE . . . . . . . . . . .	L Near	 0000007F _TEXT	
printf . . . . . . . . . . . . .	P Near	 00000000 FLAT	Length= 00000000 External C
scanf  . . . . . . . . . . . . .	P Near	 00000000 FLAT	Length= 00000000 External C
wsprintfA  . . . . . . . . . . .	P Near	 00000000 FLAT	Length= 00000000 External C


Symbols:

                N a m e                 Type     Value    Attr

@CodeSize  . . . . . . . . . . .	Number	 00000000h   
@DataSize  . . . . . . . . . . .	Number	 00000000h   
@Interface . . . . . . . . . . .	Number	 00000003h   
@Model . . . . . . . . . . . . .	Number	 00000007h   
@code  . . . . . . . . . . . . .	Text   	 _TEXT
@data  . . . . . . . . . . . . .	Text   	 FLAT
@fardata?  . . . . . . . . . . .	Text   	 FLAT
@fardata . . . . . . . . . . . .	Text   	 FLAT
@stack . . . . . . . . . . . . .	Text   	 FLAT
ALT_MASK . . . . . . . . . . . .	Number	 00000003h   
CAPSLOCK_ON  . . . . . . . . . .	Number	 00000080h   
COLS . . . . . . . . . . . . . .	Number	 00000078h   
COR_FUNDO  . . . . . . . . . . .	Number	 00000060h   
COR_OBJETIVO . . . . . . . . . .	Number	 0000006Bh   
COR_OBSTACULO  . . . . . . . . .	Number	 0000006Fh   
COR_PERSONAGEM . . . . . . . . .	Number	 00000064h   
CREATE_ALWAYS  . . . . . . . . .	Number	 00000002h   
CREATE_NEW . . . . . . . . . . .	Number	 00000001h   
CTRL_MASK  . . . . . . . . . . .	Number	 0000000Ch   
CreateFile . . . . . . . . . . .	Text   	 CreateFileA
DO_NOT_SHARE . . . . . . . . . .	Number	 00000000h   
ELEMENTO_FUNDO . . . . . . . . .	Number	 00000020h   
ELEMENTO_OBJETIVO  . . . . . . .	Number	 0000004Fh   
ELEMENTO_OBSTACULO . . . . . . .	Number	 00000023h   
ENABLE_ECHO_INPUT  . . . . . . .	Number	 00000004h   
ENABLE_LINE_INPUT  . . . . . . .	Number	 00000002h   
ENABLE_MOUSE_INPUT . . . . . . .	Number	 00000010h   
ENABLE_PROCESSED_INPUT . . . . .	Number	 00000001h   
ENABLE_PROCESSED_OUTPUT  . . . .	Number	 00000001h   
ENABLE_WINDOW_INPUT  . . . . . .	Number	 00000008h   
ENABLE_WRAP_AT_EOL_OUTPUT  . . .	Number	 00000002h   
ENHANCED_KEY . . . . . . . . . .	Number	 00000100h   
FALSE  . . . . . . . . . . . . .	Number	 00000000h   
FILE_APPEND_DATA . . . . . . . .	Number	 00000004h   
FILE_ATTRIBUTE_ARCHIVE . . . . .	Number	 00000020h   
FILE_ATTRIBUTE_COMPRESSED  . . .	Number	 00000800h   
FILE_ATTRIBUTE_DEVICE  . . . . .	Number	 00000040h   
FILE_ATTRIBUTE_DIRECTORY . . . .	Number	 00000010h   
FILE_ATTRIBUTE_ENCRYPTED . . . .	Number	 00004000h   
FILE_ATTRIBUTE_HIDDEN  . . . . .	Number	 00000002h   
FILE_ATTRIBUTE_NORMAL  . . . . .	Number	 00000080h   
FILE_ATTRIBUTE_NOT_CONTENT_INDEXED .	Number	 00002000h   
FILE_ATTRIBUTE_OFFLINE . . . . .	Number	 00001000h   
FILE_ATTRIBUTE_READONLY  . . . .	Number	 00000001h   
FILE_ATTRIBUTE_REPARSE_POINT . .	Number	 00000400h   
FILE_ATTRIBUTE_SPARSE_FILE . . .	Number	 00000200h   
FILE_ATTRIBUTE_SYSTEM  . . . . .	Number	 00000004h   
FILE_ATTRIBUTE_TEMPORARY . . . .	Number	 00000100h   
FILE_BEGIN . . . . . . . . . . .	Number	 00000000h   
FILE_CURRENT . . . . . . . . . .	Number	 00000001h   
FILE_DELETE_CHILD  . . . . . . .	Number	 00000040h   
FILE_END . . . . . . . . . . . .	Number	 00000002h   
FILE_READ_DATA . . . . . . . . .	Number	 00000001h   
FILE_SHARE_DELETE  . . . . . . .	Number	 00000004h   
FILE_SHARE_READ  . . . . . . . .	Number	 00000001h   
FILE_SHARE_WRITE . . . . . . . .	Number	 00000002h   
FILE_WRITE_DATA  . . . . . . . .	Number	 00000002h   
FOCUS_EVENT  . . . . . . . . . .	Number	 00000010h   
FORMAT_MESSAGE_ALLOCATE_BUFFER .	Number	 00000100h   
FORMAT_MESSAGE_FROM_SYSTEM . . .	Number	 00001000h   
FormatMessage  . . . . . . . . .	Text   	 FormatMessageA
GENERIC_ALL  . . . . . . . . . .	Number	 10000000h   
GENERIC_EXECUTE  . . . . . . . .	Number	 20000000h   
GENERIC_READ . . . . . . . . . .	Number	 -80000000h   
GENERIC_WRITE  . . . . . . . . .	Number	 40000000h   
GetCommandLine . . . . . . . . .	Text   	 GetCommandLineA
HANDLE . . . . . . . . . . . . .	Text   	 DWORD
HEAP_GENERATE_EXCEPTIONS . . . .	Number	 00000004h   
HEAP_GROWABLE  . . . . . . . . .	Number	 00000002h   
HEAP_NO_SERIALIZE  . . . . . . .	Number	 00000001h   
HEAP_REALLOC_IN_PLACE_ONLY . . .	Number	 00000010h   
HEAP_ZERO_MEMORY . . . . . . . .	Number	 00000008h   
IDABORT  . . . . . . . . . . . .	Number	 00000003h   
IDCANCEL . . . . . . . . . . . .	Number	 00000002h   
IDCLOSE  . . . . . . . . . . . .	Number	 00000008h   
IDCONTINUE . . . . . . . . . . .	Number	 0000000Bh   
IDHELP . . . . . . . . . . . . .	Number	 00000009h   
IDIGNORE . . . . . . . . . . . .	Number	 00000005h   
IDNO . . . . . . . . . . . . . .	Number	 00000007h   
IDOK . . . . . . . . . . . . . .	Number	 00000001h   
IDRETRY  . . . . . . . . . . . .	Number	 00000004h   
IDTIMEOUT  . . . . . . . . . . .	Number	 00007D00h   
IDTRYAGAIN . . . . . . . . . . .	Number	 0000000Ah   
IDYES  . . . . . . . . . . . . .	Number	 00000006h   
INI_X  . . . . . . . . . . . . .	Number	 00000077h   
INI_Y  . . . . . . . . . . . . .	Number	 0000000Fh   
INVALID_HANDLE_VALUE . . . . . .	Number	 -00000001h   
KBDOWN_FLAG  . . . . . . . . . .	Number	 00000001h   
KEY_EVENT  . . . . . . . . . . .	Number	 00000001h   
KEY_MASKS  . . . . . . . . . . .	Number	 0000001Fh   
LEFT_ALT_PRESSED . . . . . . . .	Number	 00000002h   
LEFT_CTRL_PRESSED  . . . . . . .	Number	 00000008h   
MB_ABORTRETRYIGNORE  . . . . . .	Number	 00000002h   
MB_APPLMODAL . . . . . . . . . .	Number	 00000000h   
MB_CANCELTRYCONTINUE . . . . . .	Number	 00000006h   
MB_DEFBUTTON1  . . . . . . . . .	Number	 00000000h   
MB_DEFBUTTON2  . . . . . . . . .	Number	 00000100h   
MB_DEFBUTTON3  . . . . . . . . .	Number	 00000200h   
MB_DEFBUTTON4  . . . . . . . . .	Number	 00000300h   
MB_HELP  . . . . . . . . . . . .	Number	 00004000h   
MB_ICONASTERISK  . . . . . . . .	Number	 00000040h   
MB_ICONERROR . . . . . . . . . .	Number	 00000010h   
MB_ICONEXCLAMATION . . . . . . .	Number	 00000030h   
MB_ICONHAND  . . . . . . . . . .	Number	 00000010h   
MB_ICONINFORMATION . . . . . . .	Number	 00000040h   
MB_ICONQUESTION  . . . . . . . .	Number	 00000020h   
MB_ICONSTOP  . . . . . . . . . .	Number	 00000010h   
MB_ICONWARNING . . . . . . . . .	Number	 00000030h   
MB_OKCANCEL  . . . . . . . . . .	Number	 00000001h   
MB_OK  . . . . . . . . . . . . .	Number	 00000000h   
MB_RETRYCANCEL . . . . . . . . .	Number	 00000005h   
MB_SYSTEMMODAL . . . . . . . . .	Number	 00001000h   
MB_TASKMODAL . . . . . . . . . .	Number	 00002000h   
MB_USERICON  . . . . . . . . . .	Number	 00000080h   
MB_YESNOCANCEL . . . . . . . . .	Number	 00000003h   
MB_YESNO . . . . . . . . . . . .	Number	 00000004h   
MENU_EVENT . . . . . . . . . . .	Number	 00000008h   
MOUSE_EVENT  . . . . . . . . . .	Number	 00000002h   
MessageBox . . . . . . . . . . .	Text   	 MessageBoxA
NULL . . . . . . . . . . . . . .	Number	 00000000h   
NUMLOCK_ON . . . . . . . . . . .	Number	 00000020h   
OPEN_ALWAYS  . . . . . . . . . .	Number	 00000004h   
OPEN_EXISTING  . . . . . . . . .	Number	 00000003h   
PeekConsoleInput . . . . . . . .	Text   	 PeekConsoleInputA
RIGHT_ALT_PRESSED  . . . . . . .	Number	 00000001h   
RIGHT_CTRL_PRESSED . . . . . . .	Number	 00000004h   
ROWS . . . . . . . . . . . . . .	Number	 0000001Eh   
ReadConsoleInput . . . . . . . .	Text   	 ReadConsoleInputA
ReadConsole  . . . . . . . . . .	Text   	 ReadConsoleA
SCROLLLOCK_ON  . . . . . . . . .	Number	 00000040h   
SHIFT_MASK . . . . . . . . . . .	Number	 00000010h   
SHIFT_PRESSED  . . . . . . . . .	Number	 00000010h   
SND_ALIAS  . . . . . . . . . . .	DWord	 0000000E _DATA	
SND_ASYNC  . . . . . . . . . . .	DWord	 0000001A _DATA	
SND_FILENAME . . . . . . . . . .	DWord	 00000016 _DATA	
SND_RESOURCE . . . . . . . . . .	DWord	 00000012 _DATA	
STD_ERROR_HANDLE . . . . . . . .	Number	 -0000000Ch   
STD_INPUT_HANDLE . . . . . . . .	Number	 -0000000Ah   
STD_OUTPUT_HANDLE  . . . . . . .	Number	 -0000000Bh   
SetConsoleTitle  . . . . . . . .	Text   	 SetConsoleTitleA
TAB  . . . . . . . . . . . . . .	Number	 00000009h   
TRUE . . . . . . . . . . . . . .	Number	 00000001h   
TRUNCATE_EXISTING  . . . . . . .	Number	 00000005h   
VK_11  . . . . . . . . . . . . .	Number	 000000BDh   
VK_12  . . . . . . . . . . . . .	Number	 000000BBh   
VK_ADD . . . . . . . . . . . . .	Number	 0000006Bh   
VK_BACK  . . . . . . . . . . . .	Number	 00000008h   
VK_CANCEL  . . . . . . . . . . .	Number	 00000003h   
VK_CAPITAL . . . . . . . . . . .	Number	 00000014h   
VK_CLEAR . . . . . . . . . . . .	Number	 0000000Ch   
VK_CONTROL . . . . . . . . . . .	Number	 00000011h   
VK_DECIMAL . . . . . . . . . . .	Number	 0000006Eh   
VK_DELETE  . . . . . . . . . . .	Number	 0000002Eh   
VK_DIVIDE  . . . . . . . . . . .	Number	 0000006Fh   
VK_DOWN  . . . . . . . . . . . .	Number	 00000028h   
VK_END . . . . . . . . . . . . .	Number	 00000023h   
VK_ESCAPE  . . . . . . . . . . .	Number	 0000001Bh   
VK_EXECUTE . . . . . . . . . . .	Number	 0000002Bh   
VK_F10 . . . . . . . . . . . . .	Number	 00000079h   
VK_F11 . . . . . . . . . . . . .	Number	 0000007Ah   
VK_F12 . . . . . . . . . . . . .	Number	 0000007Bh   
VK_F13 . . . . . . . . . . . . .	Number	 0000007Ch   
VK_F14 . . . . . . . . . . . . .	Number	 0000007Dh   
VK_F15 . . . . . . . . . . . . .	Number	 0000007Eh   
VK_F16 . . . . . . . . . . . . .	Number	 0000007Fh   
VK_F17 . . . . . . . . . . . . .	Number	 00000080h   
VK_F18 . . . . . . . . . . . . .	Number	 00000081h   
VK_F19 . . . . . . . . . . . . .	Number	 00000082h   
VK_F1  . . . . . . . . . . . . .	Number	 00000070h   
VK_F20 . . . . . . . . . . . . .	Number	 00000083h   
VK_F21 . . . . . . . . . . . . .	Number	 00000084h   
VK_F22 . . . . . . . . . . . . .	Number	 00000085h   
VK_F23 . . . . . . . . . . . . .	Number	 00000086h   
VK_F24 . . . . . . . . . . . . .	Number	 00000087h   
VK_F2  . . . . . . . . . . . . .	Number	 00000071h   
VK_F3  . . . . . . . . . . . . .	Number	 00000072h   
VK_F4  . . . . . . . . . . . . .	Number	 00000073h   
VK_F5  . . . . . . . . . . . . .	Number	 00000074h   
VK_F6  . . . . . . . . . . . . .	Number	 00000075h   
VK_F7  . . . . . . . . . . . . .	Number	 00000076h   
VK_F8  . . . . . . . . . . . . .	Number	 00000077h   
VK_F9  . . . . . . . . . . . . .	Number	 00000078h   
VK_HELP  . . . . . . . . . . . .	Number	 0000002Fh   
VK_HOME  . . . . . . . . . . . .	Number	 00000024h   
VK_INSERT  . . . . . . . . . . .	Number	 0000002Dh   
VK_LBUTTON . . . . . . . . . . .	Number	 00000001h   
VK_LCONTROL  . . . . . . . . . .	Number	 000000A2h   
VK_LEFT  . . . . . . . . . . . .	Number	 00000025h   
VK_LMENU . . . . . . . . . . . .	Number	 000000A4h   
VK_LSHIFT  . . . . . . . . . . .	Number	 000000A0h   
VK_MENU  . . . . . . . . . . . .	Number	 00000012h   
VK_MULTIPLY  . . . . . . . . . .	Number	 0000006Ah   
VK_NEXT  . . . . . . . . . . . .	Number	 00000022h   
VK_NUMLOCK . . . . . . . . . . .	Number	 00000090h   
VK_NUMPAD0 . . . . . . . . . . .	Number	 00000060h   
VK_NUMPAD1 . . . . . . . . . . .	Number	 00000061h   
VK_NUMPAD2 . . . . . . . . . . .	Number	 00000062h   
VK_NUMPAD3 . . . . . . . . . . .	Number	 00000063h   
VK_NUMPAD4 . . . . . . . . . . .	Number	 00000064h   
VK_NUMPAD5 . . . . . . . . . . .	Number	 00000065h   
VK_NUMPAD6 . . . . . . . . . . .	Number	 00000066h   
VK_NUMPAD7 . . . . . . . . . . .	Number	 00000067h   
VK_NUMPAD8 . . . . . . . . . . .	Number	 00000068h   
VK_NUMPAD9 . . . . . . . . . . .	Number	 00000069h   
VK_PAUSE . . . . . . . . . . . .	Number	 00000013h   
VK_PRINT . . . . . . . . . . . .	Number	 0000002Ah   
VK_PRIOR . . . . . . . . . . . .	Number	 00000021h   
VK_RBUTTON . . . . . . . . . . .	Number	 00000002h   
VK_RCONTROL  . . . . . . . . . .	Number	 000000A3h   
VK_RETURN  . . . . . . . . . . .	Number	 0000000Dh   
VK_RIGHT . . . . . . . . . . . .	Number	 00000027h   
VK_RMENU . . . . . . . . . . . .	Number	 000000A5h   
VK_RSHIFT  . . . . . . . . . . .	Number	 000000A1h   
VK_SCROLL  . . . . . . . . . . .	Number	 00000091h   
VK_SEPARATER . . . . . . . . . .	Number	 0000006Ch   
VK_SHIFT . . . . . . . . . . . .	Number	 00000010h   
VK_SNAPSHOT  . . . . . . . . . .	Number	 0000002Ch   
VK_SPACE . . . . . . . . . . . .	Number	 00000020h   
VK_SUBTRACT  . . . . . . . . . .	Number	 0000006Dh   
VK_TAB . . . . . . . . . . . . .	Number	 00000009h   
VK_UP  . . . . . . . . . . . . .	Number	 00000026h   
WINDOW_BUFFER_SIZE_EVENT . . . .	Number	 00000004h   
WriteConsoleOutputCharacter  . .	Text   	 WriteConsoleOutputCharacterA
WriteConsoleOutput . . . . . . .	Text   	 WriteConsoleOutputA
WriteConsole . . . . . . . . . .	Text   	 WriteConsoleA
black  . . . . . . . . . . . . .	Number	 00000000h   
blue . . . . . . . . . . . . . .	Number	 00000001h   
brown  . . . . . . . . . . . . .	Number	 00000006h   
bufferCoord  . . . . . . . . . .	COORD	 00003AAF _DATA	
bufferSize . . . . . . . . . . .	COORD	 00003AAB _DATA	
buffer . . . . . . . . . . . . .	CHAR_INFO  0000026B _DATA	
character  . . . . . . . . . . .	Word	 00003AC3 _DATA	
console  . . . . . . . . . . . .	DWord	 00000267 _DATA	
cyan . . . . . . . . . . . . . .	Number	 00000003h   
deviceConnect  . . . . . . . . .	Byte	 00000000 _DATA	
exit . . . . . . . . . . . . . .	Text   	 INVOKE ExitProcess,0
fase1  . . . . . . . . . . . . .	OBSTACULO_FASE  00000063 _DATA	
fase2  . . . . . . . . . . . . .	OBSTACULO_FASE  000000F3 _DATA	
fase3  . . . . . . . . . . . . .	OBSTACULO_FASE  00000195 _DATA	
fases  . . . . . . . . . . . . .	DWord	 0000025B _DATA	
file . . . . . . . . . . . . . .	Byte	 0000001E _DATA	
gray . . . . . . . . . . . . . .	Number	 00000008h   
green  . . . . . . . . . . . . .	Number	 00000002h   
lightBlue  . . . . . . . . . . .	Number	 00000009h   
lightCyan  . . . . . . . . . . .	Number	 0000000Bh   
lightGray  . . . . . . . . . . .	Number	 00000007h   
lightGreen . . . . . . . . . . .	Number	 0000000Ah   
lightMagenta . . . . . . . . . .	Number	 0000000Dh   
lightRed . . . . . . . . . . . .	Number	 0000000Ch   
magenta  . . . . . . . . . . . .	Number	 00000005h   
red  . . . . . . . . . . . . . .	Number	 00000004h   
region . . . . . . . . . . . . .	SMALL_RECT  00003AB3 _DATA	
white  . . . . . . . . . . . . .	Number	 0000000Fh   
wsprintf . . . . . . . . . . . .	Text   	 wsprintfA
x  . . . . . . . . . . . . . . .	DWord	 00003ABB _DATA	
yellow . . . . . . . . . . . . .	Number	 0000000Eh   
y  . . . . . . . . . . . . . . .	DWord	 00003ABF _DATA	

	   2 Warnings
	   0 Errors
