Microsoft (R) Macro Assembler Version 14.16.27031.1	    06/30/19 16:48:54
Animation exampl					     Page 1 - 1


				TITLE Animation example
				;; http://stackoverflow.com/questions/34217344/clear-screen-without-interrupt

				INCLUDE Irvine32.inc
			      C ; Include file for Irvine32.lib             (Irvine32.inc)
			      C 
			      C ;OPTION CASEMAP:NONE		; optional: make identifiers case-sensitive
			      C 
			      C INCLUDE SmallWin.inc		; MS-Windows prototypes, structures, and constants
			      C .NOLIST
			      C .LIST
			      C 
			      C INCLUDE VirtualKeys.inc
			      C ; VirtualKeys.inc
			      C .NOLIST
			      C .LIST
			      C 
			      C 
			      C .NOLIST
			      C .LIST
			      C 
				INCLUDELIB Winmm.lib

 00000002			CHARTYPE UNION
 00000000  0000				UnicodeChar    WORD ?
					AsciiChar      DB ?
				CHARTYPE ENDS

 00000004			CHAR_INFO STRUCT
 00000000  0000				Char          CHARTYPE <>
 00000002  0000				Attributes    WORD ?
				CHAR_INFO ENDS

 00000008			SSTRING STRUCT
 00000000  00000000			PtrString DWORD ?
 00000004  0000				TmString  WORD ?
 00000006  0000				CorString WORD ?
				SSTRING ENDS

 00000009			OBSTACULO_FASE STRUCT
 00000000  00				Movimento	  BYTE ? ;//0 estatico, 1 cima, 2 baixo, 3 direita, 4 esquerda
 00000001  00000000			X			  DWORD ? ;//Posicao x
 00000005  00000000			Y			  DWORD ? ;//Posicao y
				OBSTACULO_FASE ENDS

 00000007			DADOS_FASE STRUCT
 00000000  00000000			Endr   DWORD ? ;//Endereço da fase
 00000004  0000				QtdEl  WORD ? ;//Quantidade de elementos na fase
 00000006  00				PosObj BYTE ? ;//Posicao do objetivo na primeira coluna do mapa
				DADOS_FASE ENDS

 = WriteConsoleOutputA		WriteConsoleOutput EQU <WriteConsoleOutputA>

				WriteConsoleOutput PROTO,
				hConsoleOutput : HANDLE,
				    lpBuffer : PTR CHAR_INFO,
				    dwBufferSize : COORD,
				    dwBufferCoord : COORD,
					lpWriteRegion : PTR SMALL_RECT

				CharToBuffer PROTO,
					bufx: DWORD,
					bufy: DWORD,
					char: WORD,
					cor:  WORD

				LimpaBuffer PROTO,
					elBuff: WORD,
					crBuff: WORD

				StringParaBuffer PROTO,
					endString: DWORD,
					stX:	   DWORD,
					stY:       DWORD,
					corSt:     WORD

				ExibeMenu PROTO,
					endMenu: DWORD,
					tamMenu: BYTE

				RenderScene PROTO,
				    addrFase: DWORD,
					tFase:	  WORD,
					psObj:	  BYTE

				ChecaColisao PROTO,
				    px:	DWORD,
				    py: DWORD

				MovimentaJogador PROTO, 
					px: DWORD,
					py: DWORD

				AtualizaFase PROTO, 
					pFase: DWORD,
					cFase: WORD,
					pObj:  BYTE

				AtualizaObstaculo PROTO,
					pObstaculo: DWORD

				PlaySound PROTO,
				    pszSound: PTR BYTE,
				    hmod:	  DWORD,
				    fdwSound: DWORD


 00000000			.data
 00000000 44 65 76 69 63	    deviceConnect BYTE "DeviceConnect", 0
	   65 43 6F 6E 6E
	   65 63 74 00

 0000000E 00010000		    SND_ALIAS    DWORD 00010000h
 00000012 00040005		    SND_RESOURCE DWORD 00040005h
 00000016 00020000		    SND_FILENAME DWORD 00020000h
 0000001A 00000001		    SND_ASYNC    DWORD 00000001h
 0000001E 00000008			SND_LOOP	 DWORD 00000008h
 00000022 00000009			SND_ALOOP    DWORD 00000009h

 00000026 63 6F 6C 69 73	    fail BYTE "colisao.wav", 0
	   61 6F 2E 77 61
	   76 00
 00000032 70 5F 66 61 73		prox_fasew BYTE "p_fase.wav", 0
	   65 2E 77 61 76
	   00
 0000003D 66 69 6D 5F 6A		congrats BYTE "fim_jogo.wav", 0
	   6F 67 6F 2E 77
	   61 76 00
 0000004A 6D 65 6E 75 5F		menu_music BYTE "menu_music.wav", 0
	   6D 75 73 69 63
	   2E 77 61 76 00


 = 00000078				COLS = 120;//Quantidade de colunas do mapa
 = 0000001E				ROWS = 30;//Quantidade de linhas do mapa
 = 0000006F				COR_OBSTACULO = 6Fh;//Cor dos elementos do buffer
 = 00000060				COR_FUNDO = 60h
 = 0000006B				COR_OBJETIVO = 6Bh
 = 00000064				COR_PERSONAGEM = 64h
 = 0000000F				COR_MENU = 0Fh
 = 00000006				COR_RODAPE = 06h
 = 00000020				ELEMENTO_FUNDO = ' '
 = 00000023				ELEMENTO_OBSTACULO = '#'
 = 0000004F				ELEMENTO_OBJETIVO = 'O'
 = 000000FE				ELEMENTO_PERSONAGEM = 0FEh
 00000059 00FE				character WORD 0FEh;//Personagem principal
 = 00000077				INI_X = COLS - 1
 = 0000000F				INI_Y = 15


 0000005B 20 00				sBLine     BYTE " ", 0
 = 0000005B				addrBLine = OFFSET sBLine
 = 00000001				cpBLine = LENGTHOF sBLine - 1
 0000005D 4C 41 42 72 69		sRdp	   BYTE "LABrinto - 2019", 0
	   6E 74 6F 20 2D
	   20 32 30 31 39
	   00
 = 0000005D				addrRdp = OFFSET sRdp
 = 00000010				cpRdp = LENGTHOF sRdp
 0000006D 50 6F 72 20 4A		sRdp2	   BYTE "Por Joao Gabriel Coli e Vitor Hugo Chaves", 0
	   6F 61 6F 20 47
	   61 62 72 69 65
	   6C 20 43 6F 6C
	   69 20 65 20 56
	   69 74 6F 72 20
	   48 75 67 6F 20
	   43 68 61 76 65
	   73 00
 = 0000006D				addrRdp2 = OFFSET sRdp2
 = 0000002A				cpRdp2 = LENGTHOF sRdp2

 00000097 4D 65 6E 75 3A		sMenu      BYTE "Menu:", 0
	   00
 0000009D 4A 6F 67 61 72		sMenuJogar BYTE "Jogar (J)", 0
	   20 28 4A 29 00
 000000A7 56 69 73 75 61		sMenuInst  BYTE "Visualizar instrucoes (I)", 0
	   6C 69 7A 61 72
	   20 69 6E 73 74
	   72 75 63 6F 65
	   73 20 28 49 29
	   00
 000000C1 53 61 69 72 20		sMenuSair  BYTE "Sair do jogo (S)", 0
	   64 6F 20 6A 6F
	   67 6F 20 28 53
	   29 00
 000000D2 00000097 R 0005		aMenu      SSTRING <OFFSET sMenu, LENGTHOF sMenu - 1, COR_MENU>, <addrBLine, cpBLine, COR_MENU>,
	   000F 0000005B R
	   0001 000F
	   0000009D R
	   0009 000F
	   000000A7 R
	   0019 000F
	   000000C1 R
	   0010 000F
	   0000005B R
	   0001 000F
	   0000005D R
	   0010 0006
	   0000006D R
	   002A 0006
									   <OFFSET sMenuJogar, LENGTHOF sMenuJogar - 1, COR_MENU>,
									   <OFFSET sMenuInst, LENGTHOF sMenuInst - 1, COR_MENU>, <OFFSET sMenusair, LENGTHOF sMenuSair - 1, COR_MENU>,
									   <addrBLine, cpBLine, COR_MENU>, <addrRdp, cpRdp, COR_RODAPE>,
									   <addrRdp2, cpRdp2, COR_RODAPE>

 00000112 49 6E 73 74 72		sInstrucoes BYTE "Instrucoes:", 0
	   75 63 6F 65 73
	   3A 00
 0000011E 4F 20 6F 62 6A		sInstL1     BYTE "O objetivo do jogo e chegar ao final do LABrinto, representado", 0
	   65 74 69 76 6F
	   20 64 6F 20 6A
	   6F 67 6F 20 65
	   20 63 68 65 67
	   61 72 20 61 6F
	   20 66 69 6E 61
	   6C 20 64 6F 20
	   4C 41 42 72 69
	   6E 74 6F 2C 20
	   72 65 70 72 65
	   73 65 6E 74 61
	   64 6F 00
 0000015D 20 70 65 6C 6F		sInstL2		BYTE " pelo caracter O ao final do mapa.", 0
	   20 63 61 72 61
	   63 74 65 72 20
	   4F 20 61 6F 20
	   66 69 6E 61 6C
	   20 64 6F 20 6D
	   61 70 61 2E 00
 00000180 41 20 6D 6F 76		sInstL3     BYTE "A movimentacao do personagem, ", ELEMENTO_PERSONAGEM, ", se da com o uso das setas. 'P' pausa o jogo e 'S' retorna ao menu", 0
	   69 6D 65 6E 74
	   61 63 61 6F 20
	   64 6F 20 70 65
	   72 73 6F 6E 61
	   67 65 6D 2C 20
	   FE 2C 20 73 65
	   20 64 61 20 63
	   6F 6D 20 6F 20
	   75 73 6F 20 64
	   61 73 20 73 65
	   74 61 73 2E 20
	   27 50 27 20 70
	   61 75 73 61 20
	   6F 20 6A 6F 67
	   6F 20 65 20 27
	   53 27 20 72 65
	   74 6F 72 6E 61
	   20 61 6F 20 6D
	   65 6E 75 00
 000001E3 43 6F 6C 69 64		sInstL4     BYTE "Colidir com qualquer obstaculo, ", ELEMENTO_OBSTACULO, ", ocasiona no reinicio do jogo.", 0
	   69 72 20 63 6F
	   6D 20 71 75 61
	   6C 71 75 65 72
	   20 6F 62 73 74
	   61 63 75 6C 6F
	   2C 20 23 2C 20
	   6F 63 61 73 69
	   6F 6E 61 20 6E
	   6F 20 72 65 69
	   6E 69 63 69 6F
	   20 64 6F 20 6A
	   6F 67 6F 2E 00
 00000224 56 65 6E 63 65		sInstL5     BYTE "Vence aquele que conseguir passar por todas as fases.", 0
	   20 61 71 75 65
	   6C 65 20 71 75
	   65 20 63 6F 6E
	   73 65 67 75 69
	   72 20 70 61 73
	   73 61 72 20 70
	   6F 72 20 74 6F
	   64 61 73 20 61
	   73 20 66 61 73
	   65 73 2E 00
 0000025A 53 61 69 72 20		sInstL6     BYTE "Sair (S)", 0
	   28 53 29 00
 00000263 00000112 R 000B		aInstrucoes SSTRING <OFFSET sInstrucoes, LENGTHOF sInstrucoes - 1, COR_MENU>, <addrBLine, cpBLine, COR_MENU>,
	   000F 0000005B R
	   0001 000F
	   0000011E R
	   003E 000F
	   0000015D R
	   0022 000F
	   00000180 R
	   0062 000F
	   000001E3 R
	   0040 000F
	   00000224 R
	   0035 000F
	   0000005B R
	   0001 000F
	   0000025A R
	   0008 000F
										<OFFSET sInstL1, LENGTHOF sInstL1 - 1, COR_MENU>, <OFFSET sInstL2, LENGTHOF sInstL2 - 1, COR_MENU>,
										<OFFSET sInstL3, LENGTHOF sInstL3 - 1, COR_MENU>, <OFFSET sInstL4, LENGTHOF sInstL4 - 1, COR_MENU>, 
										<OFFSET sInstL5, LENGTHOF sInstL5 - 1, COR_MENU>, <addrBLine, cpBLine, COR_MENU>,
										<OFFSET sInstL6, LENGTHOF sInstL6 - 1, COR_MENU>

 000002AB 4F 62 72 69 67		sCrdtL1 BYTE "Obrigado por jogar!", 0
	   61 64 6F 20 70
	   6F 72 20 6A 6F
	   67 61 72 21 00
 000002BF 4F 20 4C 41 42		sCrdtL2 BYTE "O LABrinto foi desenvolvido para a disciplina a disciplina de", 0
	   72 69 6E 74 6F
	   20 66 6F 69 20
	   64 65 73 65 6E
	   76 6F 6C 76 69
	   64 6F 20 70 61
	   72 61 20 61 20
	   64 69 73 63 69
	   70 6C 69 6E 61
	   20 61 20 64 69
	   73 63 69 70 6C
	   69 6E 61 20 64
	   65 00
 000002FD 4C 61 62 6F 72		sCrdtL3 BYTE "Laboratorio de Arquitetura e Organizacao de Computadores 2,", 0
	   61 74 6F 72 69
	   6F 20 64 65 20
	   41 72 71 75 69
	   74 65 74 75 72
	   61 20 65 20 4F
	   72 67 61 6E 69
	   7A 61 63 61 6F
	   20 64 65 20 43
	   6F 6D 70 75 74
	   61 64 6F 72 65
	   73 20 32 2C 00
 00000339 6D 69 6E 69 73		sCrdtL4 BYTE "ministrada pelo Prof. Dr. Luciano Neris.", 0
	   74 72 61 64 61
	   20 70 65 6C 6F
	   20 50 72 6F 66
	   2E 20 44 72 2E
	   20 4C 75 63 69
	   61 6E 6F 20 4E
	   65 72 69 73 2E
	   00
 00000362 4D 61 79 20 74		sCrdtL5 BYTE "May the force be with you.", 0
	   68 65 20 66 6F
	   72 63 65 20 62
	   65 20 77 69 74
	   68 20 79 6F 75
	   2E 00
 0000037D 50 72 65 73 73		sCrdtL6 BYTE "Pressione qualquer tecla para sair.", 0
	   69 6F 6E 65 20
	   71 75 61 6C 71
	   75 65 72 20 74
	   65 63 6C 61 20
	   70 61 72 61 20
	   73 61 69 72 2E
	   00
 000003A1 000002AB R 0013		aCreditos SSTRING <OFFSET sCrdtL1, LENGTHOF sCrdtL1 - 1, COR_MENU>, <OFFSET sCrdtL2, LENGTHOF sCrdtL2 - 1, COR_MENU>,
	   000F 000002BF R
	   003D 000F
	   000002FD R
	   003B 000F
	   00000339 R
	   0028 000F
	   00000362 R
	   001A 000F
	   0000005B R
	   0001 000F
	   0000037D R
	   0023 000F
	   0000005B R
	   0001 000F
	   0000005D R
	   0010 0006
	   0000006D R
	   002A 0006
								      <OFFSET sCrdtL3, LENGTHOF sCrdtL3 - 1, COR_MENU>, <OFFSET sCrdtL4, LENGTHOF sCrdtL4 - 1, COR_MENU>,
									  <OFFSET sCrdtL5, LENGTHOF sCrdtL5 - 1, COR_MENU>, <addrBLine, cpBLine, COR_MENU>,
									  <OFFSET sCrdtL6, LENGTHOF sCrdtL6 - 1, COR_MENU>, <addrBLine, cpBLine, COR_MENU>,
									  <addrRdp, cpRdp, COR_RODAPE>, <addrRdp2, cpRdp2, COR_RODAPE>


 000003F1 01 00000005		fase1 OBSTACULO_FASE <1d, 5d, 15d>, <2d, 13d, 15d>, <1d, 15d, 15d>, <2d, 21d, 15d>, <1d, 25d, 15d>, <2d, 33d, 15d>,
	   0000000F 02
	   0000000D
	   0000000F 01
	   0000000F
	   0000000F 02
	   00000015
	   0000000F 01
	   00000019
	   0000000F 02
	   00000021
	   0000000F 01
	   00000026
	   0000000F 02
	   00000028
	   0000000F 02
	   0000004D
	   0000000F 01
	   0000004B
	   0000000F 02
	   00000057
	   0000000F 01
	   00000059
	   0000000F 02
	   0000005F
	   0000000F 01
	   00000063
	   0000000F 02
	   00000067
	   0000000F 01
	   0000006E
	   0000000F
						<1d, 38d, 15d>, <2d, 40d, 15d>, <2d, 77d, 15d>, <1d, 75d, 15d>, <2d, 87d, 15d>, <1d, 89d, 15d>, <2d, 95d, 15d>,
						<1d, 99d, 15d>, <2d, 103d, 15d>, <1d, 110d, 15d>

 00000481 01 00000005			fase2 OBSTACULO_FASE <1d, 5d, 15d>, <2d, 6d, 15d>, <1d, 7d, 15d>, <2d, 8d, 15d>, <1d, 9d, 15d>, <2d, 10d, 15d>,
	   0000000F 02
	   00000006
	   0000000F 01
	   00000007
	   0000000F 02
	   00000008
	   0000000F 01
	   00000009
	   0000000F 02
	   0000000A
	   0000000F 01
	   00000039
	   00000008 02
	   0000003A
	   00000008 01
	   0000003B
	   00000008 02
	   0000003C
	   00000008 01
	   0000003D
	   00000008 02
	   0000003E
	   00000008 01
	   00000069
	   00000019 02
	   0000006A
	   00000019 01
	   0000006B
	   00000019 02
	   0000006C
	   00000019 01
	   0000006D
	   00000019 02
	   0000006E
	   00000019
						<1d, 57d, 8d>, <2d, 58d, 8d>, <1d, 59d, 8d>, <2d, 60d, 8d>, <1d, 61d, 8d>, <2d, 62d, 8d>,
						<1d, 105d, 25d>, <2d, 106d, 25d>, <1d, 107d, 25d>, <2d, 108d, 25d>, <1d, 109d, 25d>, <2d, 110d, 25d>

 00000523 01 00000005		     fase3 OBSTACULO_FASE <1d, 5d, 15d>, <2d, 7d, 15d>, <1d, 9d, 15d>,  <2d, 11d, 15d>, <1d, 13d, 15d>, <2d, 15d, 15d>,
	   0000000F 02
	   00000007
	   0000000F 01
	   00000009
	   0000000F 02
	   0000000B
	   0000000F 01
	   0000000D
	   0000000F 02
	   0000000F
	   0000000F 01
	   00000011
	   0000000F 02
	   00000013
	   0000000F 01
	   00000015
	   0000000F 02
	   00000017
	   0000000F 01
	   00000019
	   0000000F 02
	   0000001B
	   0000000F 01
	   0000001D
	   0000000F 02
	   0000001F
	   0000000F 01
	   00000021
	   0000000F 02
	   00000023
	   0000000F 01
	   00000025
	   0000000F 02
	   00000027
	   0000000F 01
	   00000029
	   0000000F 02
	   0000002B
	   0000000F 01
	   0000002D
	   0000000F 02
	   0000002F
	   0000000F
					    <1d, 17d, 15d>, <2d, 19d, 15d>, <1d, 21d, 15d>, <2d, 23d, 15d>, <1d, 25d, 15d>, <2d, 27d, 15d>,<1d, 29d, 15d>,
					    <2d, 31d, 15d>, <1d, 33d, 15d>,  <2d, 35d, 15d>, <1d, 37d, 15d>, <2d, 39d, 15d>, <1d, 41d, 15d>, <2d, 43d, 15d>,
					    <1d, 45d, 15d>, <2d, 47d, 15d>

 000005E9 000003F1 R 0010		fases DADOS_FASE <OFFSET fase1, LENGTHOF fase1, 4d>, <OFFSET fase2, LENGTHOF fase2, 18d>, <OFFSET fase3, LENGTHOF fase3, 15d>
	   04 00000481 R
	   0012 12
	   00000523 R
	   0016 0F


 000005FE 00000000		    console HANDLE 0
 00000602  00000E10 [		    buffer CHAR_INFO ROWS * COLS DUP(<<ELEMENTO_FUNDO>, COR_FUNDO>)
	    0020 0060
	   ]
 00003E42 0078 001E		    bufferSize COORD <COLS, ROWS>
 00003E46 0000 0000		    bufferCoord COORD <0, 0>
 00003E4A 0000 0000 0077	    region SMALL_RECT <0, 0, COLS - 1, ROWS - 1>
	   001D

 00003E52 00000077		    x DWORD INI_X; current position
 00003E56 0000000F		    y DWORD INI_Y; of the figure


 00000000			.code
 00000000			main PROC
					
				    INVOKE PlaySound, OFFSET deviceConnect, NULL, SND_ALIAS ;//Configuracao para que haja sons
 00000000  FF 35 0000000E R *	    push   SND_ALIAS
 00000006  6A 00	   *	    push   +000000000h
 00000008  68 00000000 R   *	    push   dword  ptr OFFSET FLAT: deviceConnect
 0000000D  E8 00000000 E   *	    call   PlaySound
				    INVOKE GetStdHandle, STD_OUTPUT_HANDLE
 00000012  6A F5	   *	    push    -00000000Bh
 00000014  E8 00000000 E   *	    call   GetStdHandle
 00000019  A3 000005FE R	    mov console, eax; save console handle

 0000001E				ESTADO_MENU:
					INVOKE PlaySound, OFFSET menu_music, NULL, SND_ALOOP
 0000001E  FF 35 00000022 R *	    push   SND_ALOOP
 00000024  6A 00	   *	    push   +000000000h
 00000026  68 0000004A R   *	    push   dword  ptr OFFSET FLAT: menu_music
 0000002B  E8 00000000 E   *	    call   PlaySound
 00000030				ESTADO_MENU2:
					INVOKE ExibeMenu, OFFSET aMenu, LENGTHOF aMenu
 00000030  6A 08	   *	    push   +000000008h
 00000032  68 000000D2 R   *	    push   dword  ptr OFFSET FLAT: aMenu
 00000037  E8 00000319	   *	    call   ExibeMenu
					INVOKE WriteConsoleOutput, console, ADDR buffer, bufferSize, bufferCoord, ADDR region
 0000003C  68 00003E4A R   *	    push   OFFSET region
 00000041  FF 35 00003E46 R *	    push   dword  ptr bufferCoord
 00000047  FF 35 00003E42 R *	    push   dword  ptr bufferSize
 0000004D  68 00000602 R   *	    push   OFFSET buffer
 00000052  FF 35 000005FE R *	    push   console
 00000058  E8 00000000 E   *	    call   WriteConsoleOutputA
 0000005D					AGUARDA_MSG_MENU:
 0000005D  E8 000002A6				call LeTecla
 00000062  3C 6A				cmp al, 'j'
 00000064  0F 84 000000A4			jz ESTADO_CONTAGEM
 0000006A  3C 69				cmp al, 'i'
 0000006C  74 0A				jz ESTADO_INSTRUCOES
 0000006E  3C 73				cmp al, 's'
 00000070  0F 84 00000231			jz SAIR
 00000076  EB E5				jmp AGUARDA_MSG_MENU

 00000078				ESTADO_INSTRUCOES:
					INVOKE ExibeMenu, OFFSET aInstrucoes, LENGTHOF aInstrucoes
 00000078  6A 09	   *	    push   +000000009h
 0000007A  68 00000263 R   *	    push   dword  ptr OFFSET FLAT: aInstrucoes
 0000007F  E8 000002D1	   *	    call   ExibeMenu
					INVOKE WriteConsoleOutput, console, ADDR buffer, bufferSize, bufferCoord, ADDR region
 00000084  68 00003E4A R   *	    push   OFFSET region
 00000089  FF 35 00003E46 R *	    push   dword  ptr bufferCoord
 0000008F  FF 35 00003E42 R *	    push   dword  ptr bufferSize
 00000095  68 00000602 R   *	    push   OFFSET buffer
 0000009A  FF 35 000005FE R *	    push   console
 000000A0  E8 00000000 E   *	    call   WriteConsoleOutputA
 000000A5					AGUARDA_MSG_INSTRUCOES:
 000000A5  E8 0000025E				call LeTecla
 000000AA  3C 73				cmp al, 's'
 000000AC  74 82				jz ESTADO_MENU2
 000000AE  EB F5				jmp AGUARDA_MSG_INSTRUCOES


 000000B0				ESTADO_CREDITOS:
						INVOKE PlaySound, NULL, NULL, SND_ASYNC
 000000B0  FF 35 0000001A R *	    push   SND_ASYNC
 000000B6  6A 00	   *	    push   +000000000h
 000000B8  6A 00	   *	    push   +000000000h
 000000BA  E8 00000000 E   *	    call   PlaySound
						INVOKE PlaySound, OFFSET congrats, NULL, SND_ASYNC
 000000BF  FF 35 0000001A R *	    push   SND_ASYNC
 000000C5  6A 00	   *	    push   +000000000h
 000000C7  68 0000003D R   *	    push   dword  ptr OFFSET FLAT: congrats
 000000CC  E8 00000000 E   *	    call   PlaySound
						INVOKE ExibeMenu, OFFSET aCreditos, LENGTHOF aCreditos
 000000D1  6A 0A	   *	    push   +00000000Ah
 000000D3  68 000003A1 R   *	    push   dword  ptr OFFSET FLAT: aCreditos
 000000D8  E8 00000278	   *	    call   ExibeMenu
						INVOKE WriteConsoleOutput, console, ADDR buffer, bufferSize, bufferCoord, ADDR region
 000000DD  68 00003E4A R   *	    push   OFFSET region
 000000E2  FF 35 00003E46 R *	    push   dword  ptr bufferCoord
 000000E8  FF 35 00003E42 R *	    push   dword  ptr bufferSize
 000000EE  68 00000602 R   *	    push   OFFSET buffer
 000000F3  FF 35 000005FE R *	    push   console
 000000F9  E8 00000000 E   *	    call   WriteConsoleOutputA
 000000FE					AGUARDA_MSG_CREDITOS:
 000000FE  E8 00000205					call LeTecla
 00000103  83 F8 00					cmp eax, 0
 00000106  0F 85 FFFFFF12				jne ESTADO_MENU
 0000010C  EB F0					jmp AGUARDA_MSG_CREDITOS

 0000010E				ESTADO_CONTAGEM:
					INVOKE PlaySound, NULL, NULL, SND_ASYNC
 0000010E  FF 35 0000001A R *	    push   SND_ASYNC
 00000114  6A 00	   *	    push   +000000000h
 00000116  6A 00	   *	    push   +000000000h
 00000118  E8 00000000 E   *	    call   PlaySound
					INVOKE LimpaBuffer, 0, COR_MENU
 0000011D  6A 0F	   *	    push   +00000000Fh
 0000011F  6A 00	   *	    push   +000000000h
 00000121  E8 000001B2	   *	    call   LimpaBuffer
 00000126  BE 00000005			mov esi, 5
 0000012B					REGRESSIVA:
 0000012B  8B C6				mov eax, esi
 0000012D  83 C0 30				add eax, 30h
						INVOKE CharToBuffer, ((COLS - 1) / 2), ((ROWS - 1) / 2), ax, COR_MENU
 00000130  6A 0F	   *	    push   +00000000Fh
 00000132  83 EC 02	   *	    sub    esp, 002h
 00000135  66| 50	   *	    push   ax
 00000137  6A 0E	   *	    push   +00000000Eh
 00000139  6A 3B	   *	    push   +00000003Bh
 0000013B  E8 000002BC	   *	    call   CharToBuffer
						INVOKE WriteConsoleOutput, console, ADDR buffer, bufferSize, bufferCoord, ADDR region
 00000140  68 00003E4A R   *	    push   OFFSET region
 00000145  FF 35 00003E46 R *	    push   dword  ptr bufferCoord
 0000014B  FF 35 00003E42 R *	    push   dword  ptr bufferSize
 00000151  68 00000602 R   *	    push   OFFSET buffer
 00000156  FF 35 000005FE R *	    push   console
 0000015C  E8 00000000 E   *	    call   WriteConsoleOutputA
						INVOKE Sleep, 900
 00000161  68 00000384	   *	    push   +000000384h
 00000166  E8 00000000 E   *	    call   Sleep
 0000016B  4E					dec esi
 0000016C  83 FE 01				cmp esi, 1
 0000016F  7D BA				jge REGRESSIVA
					

 00000171				ESTADO_JOGO:
					INVOKE LimpaBuffer, ELEMENTO_FUNDO, COR_FUNDO
 00000171  6A 60	   *	    push   +000000060h
 00000173  6A 20	   *	    push   +000000020h
 00000175  E8 0000015E	   *	    call   LimpaBuffer
 0000017A					LOOP_JOGO:
						INVOKE RenderScene, (DADOS_FASE PTR fases[esi]).Endr, (DADOS_FASE PTR fases[esi]).qtdEl, (DADOS_FASE PTR fases[esi]).PosObj
 0000017A  8A 86 000005EF R *	    mov    al, byte  ptr fases[esi]+006h
 00000180  50		   *	    push   eax
 00000181  83 EC 02	   *	    sub    esp, 002h
 00000184  66| FF B6
	   000005ED R	   *	    push   word  ptr fases[esi]+00004h
 0000018B  FF B6 000005E9 R *	    push   dword  ptr fases[esi]
 00000191  E8 0000037D	   *	    call   RenderScene
 00000196  E8 0000016D				call LeTecla
 0000019B  3C 73				cmp al, 's'
 0000019D  0F 84 FFFFFE7B			jz ESTADO_MENU
 000001A3  3C 70				cmp al, 'p'
 000001A5  0F 84 000000E5			jz ESTADO_PAUSA
						INVOKE MovimentaJogador, OFFSET x, OFFSET y
 000001AB  68 00003E56 R   *	    push   dword  ptr OFFSET FLAT: y
 000001B0  68 00003E52 R   *	    push   dword  ptr OFFSET FLAT: x
 000001B5  E8 0000037E	   *	    call   MovimentaJogador
						INVOKE ChecaColisao, x, y
 000001BA  FF 35 00003E56 R *	    push   y
 000001C0  FF 35 00003E52 R *	    push   x
 000001C6  E8 000003B4	   *	    call   ChecaColisao
 000001CB  83 F8 00				cmp eax, 0
 000001CE  74 37				jz CONTINUE
 000001D0  83 F8 01				cmp eax, 1
 000001D3  74 02				jz REINICIA
 000001D5  EB 73				jmp ESTADO_TROCA_FASE

 000001D7						REINICIA:
 000001D7  C7 05 00003E52 R				mov x, INI_X
	   00000077
 000001E1  C7 05 00003E56 R				mov y, INI_Y
	   0000000F
							INVOKE PlaySound, OFFSET fail, NULL, SND_ASYNC
 000001EB  FF 35 0000001A R *	    push   SND_ASYNC
 000001F1  6A 00	   *	    push   +000000000h
 000001F3  68 00000026 R   *	    push   dword  ptr OFFSET FLAT: fail
 000001F8  E8 00000000 E   *	    call   PlaySound
 000001FD  BE 00000000					mov esi, 0
 00000202  E9 FFFFFF6A					jmp ESTADO_JOGO

 00000207					CONTINUE:
						INVOKE CharToBuffer, x, y, character, COR_PERSONAGEM;//Imprime o personagem em sua posicao atual
 00000207  6A 64	   *	    push   +000000064h
 00000209  83 EC 02	   *	    sub    esp, 002h
 0000020C  66| FF 35
	   00000059 R	   *	    push   character
 00000213  FF 35 00003E56 R *	    push   y
 00000219  FF 35 00003E52 R *	    push   x
 0000021F  E8 000001D8	   *	    call   CharToBuffer
						INVOKE WriteConsoleOutput, console, ADDR buffer, bufferSize, bufferCoord, ADDR region
 00000224  68 00003E4A R   *	    push   OFFSET region
 00000229  FF 35 00003E46 R *	    push   dword  ptr bufferCoord
 0000022F  FF 35 00003E42 R *	    push   dword  ptr bufferSize
 00000235  68 00000602 R   *	    push   OFFSET buffer
 0000023A  FF 35 000005FE R *	    push   console
 00000240  E8 00000000 E   *	    call   WriteConsoleOutputA
 00000245  E9 FFFFFF30				jmp LOOP_JOGO

 0000024A				ESTADO_TROCA_FASE:
 0000024A  83 C6 07			add esi, SIZEOF DADOS_FASE
 0000024D  83 FE 14			cmp esi, SIZEOF fases - 1
 00000250  0F 83 FFFFFE5A		jae ESTADO_CREDITOS
 00000256  C7 05 00003E52 R		mov x, INI_X
	   00000077
 00000260  C7 05 00003E56 R		mov y, INI_Y
	   0000000F
					INVOKE PlaySound,NULL,NULL,SND_ASYNC
 0000026A  FF 35 0000001A R *	    push   SND_ASYNC
 00000270  6A 00	   *	    push   +000000000h
 00000272  6A 00	   *	    push   +000000000h
 00000274  E8 00000000 E   *	    call   PlaySound
					INVOKE PlaySound, OFFSET prox_fasew, NULL, SND_ASYNC
 00000279  FF 35 0000001A R *	    push   SND_ASYNC
 0000027F  6A 00	   *	    push   +000000000h
 00000281  68 00000032 R   *	    push   dword  ptr OFFSET FLAT: prox_fasew
 00000286  E8 00000000 E   *	    call   PlaySound
 0000028B  E9 FFFFFEE1			jmp ESTADO_JOGO


 00000290				ESTADO_PAUSA:
 00000290  E8 00000073			call LeTecla
 00000295  3C 73			cmp al, 's'
 00000297  0F 84 FFFFFD81		jz ESTADO_MENU
 0000029D  3C 70			cmp al, 'p'
 0000029F  0F 84 FFFFFED5		jz LOOP_JOGO
 000002A5  EB E9			jmp ESTADO_PAUSA

 000002A7				SAIR:
					INVOKE LimpaBuffer, 0, COR_MENU
 000002A7  6A 0F	   *	    push   +00000000Fh
 000002A9  6A 00	   *	    push   +000000000h
 000002AB  E8 00000028	   *	    call   LimpaBuffer
					INVOKE WriteConsoleOutput, console, ADDR buffer, bufferSize, bufferCoord, ADDR region
 000002B0  68 00003E4A R   *	    push   OFFSET region
 000002B5  FF 35 00003E46 R *	    push   dword  ptr bufferCoord
 000002BB  FF 35 00003E42 R *	    push   dword  ptr bufferSize
 000002C1  68 00000602 R   *	    push   OFFSET buffer
 000002C6  FF 35 000005FE R *	    push   console
 000002CC  E8 00000000 E   *	    call   WriteConsoleOutputA

					exit
 000002D1  6A 00	   *	    push   +000000000h
 000002D3  E8 00000000 E   *	    call   ExitProcess
 000002D8			main ENDP


 000002D8			LimpaBuffer PROC USES eax esi elBuff: WORD, crBuff: WORD
 000002D8  55		   *	    push   ebp
 000002D9  8B EC	   *	    mov    ebp, esp
 000002DB  50		   *	    push   eax
 000002DC  56		   *	    push   esi
 000002DD  B8 00000E10			mov eax, (COLS * ROWS)
 000002E2  BE 00000000			mov esi, 0

 000002E7				LP1:
					INVOKE CharToBuffer, esi, 0, elBuff, crBuff
 000002E7  83 EC 02	   *	    sub    esp, 002h
 000002EA  66| FF 75 0C	   *	    push   word  ptr ss:[ebp]+0000Ch
 000002EE  83 EC 02	   *	    sub    esp, 002h
 000002F1  66| FF 75 08	   *	    push   word  ptr ss:[ebp]+00008h
 000002F5  6A 00	   *	    push   +000000000h
 000002F7  56		   *	    push   esi
 000002F8  E8 000000FF	   *	    call   CharToBuffer
 000002FD  46				inc esi
 000002FE  3B F0			cmp esi, eax
 00000300  72 E5			jb LP1

					ret
 00000302  5E		   *	    pop    esi
 00000303  58		   *	    pop    eax
 00000304  C9		   *	    leave  
 00000305  C2 0008	   *	    ret    00008h
 00000308			LimpaBuffer ENDP


 00000308			LeTecla PROC
 00000308  B8 00000019			mov eax, 25
 0000030D  E8 00000000 E		call Delay
 00000312  E8 00000000 E		call ReadKey
 00000317  74 01			jz SEM_TECLA

 00000319				RETORNA:
 00000319  C3				ret

 0000031A				SEM_TECLA:
 0000031A  B8 00000000			mov eax, 0
 0000031F  EB F8			jmp RETORNA
 00000321			LeTecla ENDP

 00000321			StringParaBuffer PROC USES edx esi eax endString: DWORD, stX: DWORD, stY: DWORD, corSt: WORD
 00000321  55		   *	    push   ebp
 00000322  8B EC	   *	    mov    ebp, esp
 00000324  52		   *	    push   edx
 00000325  56		   *	    push   esi
 00000326  50		   *	    push   eax
 00000327  8B 55 08			mov edx, endString
 0000032A  8B 75 0C			mov esi, stX

 0000032D				ETP1:
 0000032D  0F B6 02			movzx eax, BYTE PTR [edx]
 00000330  83 F8 00			cmp eax, 0
 00000333  74 19			je ENDST
					INVOKE CharToBuffer, esi, stY, ax, corSt
 00000335  83 EC 02	   *	    sub    esp, 002h
 00000338  66| FF 75 14	   *	    push   word  ptr ss:[ebp]+00014h
 0000033C  83 EC 02	   *	    sub    esp, 002h
 0000033F  66| 50	   *	    push   ax
 00000341  FF 75 10	   *	    push   dword  ptr ss:[ebp]+000000010h
 00000344  56		   *	    push   esi
 00000345  E8 000000B2	   *	    call   CharToBuffer
 0000034A  42				inc edx
 0000034B  46				inc esi
 0000034C  EB DF			jmp ETP1

 0000034E				ENDST:
					ret
 0000034E  58		   *	    pop    eax
 0000034F  5E		   *	    pop    esi
 00000350  5A		   *	    pop    edx
 00000351  C9		   *	    leave  
 00000352  C2 0010	   *	    ret    00010h
 00000355			StringParaBuffer ENDP

 00000355			ExibeMenu PROC USES eax esi edx ecx endMenu: DWORD, tamMenu: BYTE
 00000355  55		   *	    push   ebp
 00000356  8B EC	   *	    mov    ebp, esp
 00000358  50		   *	    push   eax
 00000359  56		   *	    push   esi
 0000035A  52		   *	    push   edx
 0000035B  51		   *	    push   ecx
					INVOKE LimpaBuffer, 0, COR_MENU
 0000035C  6A 0F	   *	    push   +00000000Fh
 0000035E  6A 00	   *	    push   +000000000h
 00000360  E8 FFFFFF73	   *	    call   LimpaBuffer

 00000365  8B 45 08			mov eax, endMenu
 00000368  0F B6 75 0C			movzx esi, tamMenu
 0000036C  4E				dec esi

 0000036D				LPSt:
 0000036D  8B 14 F0			mov edx, DWORD PTR (SSTRING PTR [eax + esi * SSTRING]).PtrString
 00000370  B9 00000078			mov ecx, COLS
 00000375  66| 2B 4C F0			sub cx, WORD PTR (SSTRING PTR [eax + esi * SSTRING]).TmString
	   04
 0000037A  D1 E9			shr ecx, 1
					INVOKE StringParaBuffer, edx, ecx, esi, (SSTRING PTR[eax + esi * SSTRING]).CorString
 0000037C  83 EC 02	   *	    sub    esp, 002h
 0000037F  66| FF 74 F0
	   06		   *	    push   word  ptr [eax+esi*8]+00006h
 00000384  56		   *	    push   esi
 00000385  51		   *	    push   ecx
 00000386  52		   *	    push   edx
 00000387  E8 FFFFFF95	   *	    call   StringParaBuffer
 0000038C				CTN:
 0000038C  4E				dec esi
 0000038D  83 FE 00			cmp esi, 0
 00000390  7D DB			jge LPSt

					ret
 00000392  59		   *	    pop    ecx
 00000393  5A		   *	    pop    edx
 00000394  5E		   *	    pop    esi
 00000395  58		   *	    pop    eax
 00000396  C9		   *	    leave  
 00000397  C2 0008	   *	    ret    00008h
 0000039A			ExibeMenu ENDP


 0000039A			MontaGridMapa PROC USES eax ecx edx
 0000039A  50		   *	    push   eax
 0000039B  51		   *	    push   ecx
 0000039C  52		   *	    push   edx
 0000039D  33 C0		    xor eax, eax	;//EAX = 0

 0000039F				LINHA1:
					INVOKE CharToBuffer, eax, 0, ELEMENTO_OBSTACULO, COR_OBSTACULO
 0000039F  6A 6F	   *	    push   +00000006Fh
 000003A1  6A 23	   *	    push   +000000023h
 000003A3  6A 00	   *	    push   +000000000h
 000003A5  50		   *	    push   eax
 000003A6  E8 00000051	   *	    call   CharToBuffer
 000003AB  40				inc eax
 000003AC  83 F8 78			cmp eax, COLS
 000003AF  7C EE			jl LINHA1

 000003B1				COLUNAS:
					INVOKE CharToBuffer, eax, 0, ELEMENTO_OBSTACULO, COR_OBSTACULO
 000003B1  6A 6F	   *	    push   +00000006Fh
 000003B3  6A 23	   *	    push   +000000023h
 000003B5  6A 00	   *	    push   +000000000h
 000003B7  50		   *	    push   eax
 000003B8  E8 0000003F	   *	    call   CharToBuffer
 000003BD  83 C0 77			add eax, COLS-1
					INVOKE CharToBuffer, eax, 0, ELEMENTO_OBSTACULO, COR_OBSTACULO
 000003C0  6A 6F	   *	    push   +00000006Fh
 000003C2  6A 23	   *	    push   +000000023h
 000003C4  6A 00	   *	    push   +000000000h
 000003C6  50		   *	    push   eax
 000003C7  E8 00000030	   *	    call   CharToBuffer
 000003CC  40				inc eax
 000003CD  3D 00000D5E			cmp eax, (ROWS - 1)*(COLS - 2)
 000003D2  7C DD			jl COLUNAS

 000003D4				LINHANROWS:
					INVOKE CharToBuffer, eax, 0, ELEMENTO_OBSTACULO, COR_OBSTACULO
 000003D4  6A 6F	   *	    push   +00000006Fh
 000003D6  6A 23	   *	    push   +000000023h
 000003D8  6A 00	   *	    push   +000000000h
 000003DA  50		   *	    push   eax
 000003DB  E8 0000001C	   *	    call   CharToBuffer
 000003E0  40				inc eax
 000003E1  3D 00000E10			cmp eax, ROWS*COLS
 000003E6  7C EC			jl LINHANROWS

					;//Remove o obstáculo da posição inicial
					INVOKE CharToBuffer, ((INI_Y + 1) * COLS - 1), 0, ELEMENTO_FUNDO, COR_FUNDO
 000003E8  6A 60	   *	    push   +000000060h
 000003EA  6A 20	   *	    push   +000000020h
 000003EC  6A 00	   *	    push   +000000000h
 000003EE  68 0000077F	   *	    push   +00000077Fh
 000003F3  E8 00000004	   *	    call   CharToBuffer

				    ret
 000003F8  5A		   *	    pop    edx
 000003F9  59		   *	    pop    ecx
 000003FA  58		   *	    pop    eax
 000003FB  C3		   *	    ret    00000h
 000003FC			MontaGridMapa ENDP


 000003FC			CharToBuffer PROC USES eax edx bufx: DWORD, bufy: DWORD, char: WORD, cor: WORD
 000003FC  55		   *	    push   ebp
 000003FD  8B EC	   *	    mov    ebp, esp
 000003FF  50		   *	    push   eax
 00000400  52		   *	    push   edx
 00000401  8B 45 0C		    mov eax, bufy
 00000404  BA 00000078		    mov edx, COLS
 00000409  F7 E2		    mul edx
 0000040B  03 45 08		    add eax, bufx
 0000040E  66| 8B 55 10		    mov dx, char
 00000412  66| 89 14 85		    mov buffer[eax * CHAR_INFO].Char, dx
	   00000602 R
 0000041A  66| 8B 55 14			mov dx, cor
 0000041E  66| 89 14 85		    mov buffer[eax * CHAR_INFO].Attributes, dx
	   00000604 R
				    ret
 00000426  5A		   *	    pop    edx
 00000427  58		   *	    pop    eax
 00000428  C9		   *	    leave  
 00000429  C2 0010	   *	    ret    00010h
 0000042C			CharToBuffer ENDP


 0000042C			AtualizaFase PROC USES eax ecx edx pFase: DWORD, cFase: WORD, pObj: BYTE
 0000042C  55		   *	    push   ebp
 0000042D  8B EC	   *	    mov    ebp, esp
 0000042F  50		   *	    push   eax
 00000430  51		   *	    push   ecx
 00000431  52		   *	    push   edx
 00000432  B8 00000078			mov eax, COLS
 00000437  0F B6 55 10			movzx edx, pObj
 0000043B  F7 E2			mul edx
 0000043D  8B 55 08			mov edx, pFase
 00000440  8B 4D 0C			mov ecx, DWORD PTR cFase

 00000443				ATUALIZACAO:
					INVOKE CharToBuffer, DWORD PTR (OBSTACULO_FASE PTR [edx]).X, DWORD PTR (OBSTACULO_FASE PTR [edx]).Y, ELEMENTO_FUNDO, COR_FUNDO ;//Limpa a posição antiga
 00000443  6A 60	   *	    push   +000000060h
 00000445  6A 20	   *	    push   +000000020h
 00000447  FF 72 05	   *	    push   dword  ptr [edx]+000000005h
 0000044A  FF 72 01	   *	    push   dword  ptr [edx]+000000001h
 0000044D  E8 FFFFFFAA	   *	    call   CharToBuffer
					INVOKE AtualizaObstaculo, edx ;//Atualiza a posição do obstáculo
 00000452  52		   *	    push   edx
 00000453  E8 0000002F	   *	    call   AtualizaObstaculo
					INVOKE CharToBuffer, (OBSTACULO_FASE PTR [edx]).X, DWORD PTR (OBSTACULO_FASE PTR [edx]).Y, ELEMENTO_OBSTACULO, COR_OBSTACULO
 00000458  6A 6F	   *	    push   +00000006Fh
 0000045A  6A 23	   *	    push   +000000023h
 0000045C  FF 72 05	   *	    push   dword  ptr [edx]+000000005h
 0000045F  FF 72 01	   *	    push   dword  ptr [edx]+000000001h
 00000462  E8 FFFFFF95	   *	    call   CharToBuffer
 00000467  83 C2 09			add edx, TYPE OBSTACULO_FASE
 0000046A  E2 D7			loop ATUALIZACAO

					;//Bloco do objetivo
 0000046C  66| C7 04 85			mov buffer[eax * CHAR_INFO].Char, ELEMENTO_OBJETIVO
	   00000602 R
	   004F
 00000476  66| C7 04 85			mov buffer[eax * CHAR_INFO].Attributes, COR_OBJETIVO
	   00000604 R
	   006B

					ret
 00000480  5A		   *	    pop    edx
 00000481  59		   *	    pop    ecx
 00000482  58		   *	    pop    eax
 00000483  C9		   *	    leave  
 00000484  C2 000C	   *	    ret    0000Ch
 00000487			AtualizaFase ENDP

 00000487			AtualizaObstaculo PROC USES eax edx ecx ebx esi pObstaculo: DWORD

 00000487  55		   *	    push   ebp
 00000488  8B EC	   *	    mov    ebp, esp
 0000048A  50		   *	    push   eax
 0000048B  52		   *	    push   edx
 0000048C  51		   *	    push   ecx
 0000048D  53		   *	    push   ebx
 0000048E  56		   *	    push   esi
 0000048F  8B 55 08			mov edx, pObstaculo

 00000492  8B 5A 01			mov ebx, DWORD PTR(OBSTACULO_FASE PTR[edx]).X
 00000495  8B 4A 05			mov ecx, DWORD PTR(OBSTACULO_FASE PTR[edx]).Y
 00000498  0F B6 32			movzx esi, BYTE PTR (OBSTACULO_FASE PTR [edx]).Movimento
 0000049B  83 FE 00			cmp esi, 0
 0000049E  74 14			jz case0
 000004A0  83 FE 01			cmp esi, 1
 000004A3  74 11			jz case1
 000004A5  83 FE 02			cmp esi, 2
 000004A8  74 20			jz case2
 000004AA  83 FE 03			cmp esi, 3
 000004AD  74 2F			jz case3
 000004AF  83 FE 04			cmp esi, 4
 000004B2  74 3E			jz case4


 000004B4				case0:
 000004B4  EB 4E			jmp FIM

 000004B6				case1:
 000004B6  41				inc ecx
					INVOKE ChecaColisao, ebx, ecx
 000004B7  51		   *	    push   ecx
 000004B8  53		   *	    push   ebx
 000004B9  E8 000000C1	   *	    call   ChecaColisao
 000004BE  83 F8 00			cmp eax, 0
 000004C1  75 02			jnz INVERTEY

 000004C3  EB 3F			jmp FIM

 000004C5					INVERTEY:
 000004C5  C6 02 02				mov BYTE PTR (OBSTACULO_FASE PTR[edx]).Movimento, 02h
 000004C8  EB 3A				jmp FIM

 000004CA				case2:
 000004CA  49				dec ecx
					INVOKE ChecaColisao, ebx, ecx
 000004CB  51		   *	    push   ecx
 000004CC  53		   *	    push   ebx
 000004CD  E8 000000AD	   *	    call   ChecaColisao
 000004D2  83 F8 00			cmp eax, 0
 000004D5  75 02			jnz INVERTEY2

 000004D7  EB 2B			jmp FIM

 000004D9					INVERTEY2:
 000004D9  C6 02 01				mov BYTE PTR (OBSTACULO_FASE PTR[edx]).Movimento, 01h
 000004DC  EB 26				jmp FIM

 000004DE				case3:
 000004DE  43				inc ebx
					INVOKE ChecaColisao, ebx, ecx
 000004DF  51		   *	    push   ecx
 000004E0  53		   *	    push   ebx
 000004E1  E8 00000099	   *	    call   ChecaColisao
 000004E6  83 F8 00			cmp eax, 0
 000004E9  75 02			jnz INVERTEX

 000004EB  EB 17			jmp FIM

 000004ED					INVERTEX:
 000004ED  C6 02 04				mov BYTE PTR (OBSTACULO_FASE PTR[edx]).Movimento, 04h
 000004F0  EB 12				jmp FIM

 000004F2				case4:
 000004F2  4B				dec ebx
					INVOKE ChecaColisao, ebx, ecx
 000004F3  51		   *	    push   ecx
 000004F4  53		   *	    push   ebx
 000004F5  E8 00000085	   *	    call   ChecaColisao
 000004FA  83 F8 00			cmp eax, 0
 000004FD  75 02			jnz INVERTEX2

 000004FF  EB 03			jmp FIM

 00000501					INVERTEX2:
 00000501  C6 02 03				mov BYTE PTR (OBSTACULO_FASE PTR[edx]).Movimento, 03h


 00000504				FIM:
 00000504  89 5A 01			mov DWORD PTR(OBSTACULO_FASE PTR[edx]).X, ebx
 00000507  89 4A 05			mov DWORD PTR(OBSTACULO_FASE PTR[edx]).Y, ecx
					ret
 0000050A  5E		   *	    pop    esi
 0000050B  5B		   *	    pop    ebx
 0000050C  59		   *	    pop    ecx
 0000050D  5A		   *	    pop    edx
 0000050E  58		   *	    pop    eax
 0000050F  C9		   *	    leave  
 00000510  C2 0004	   *	    ret    00004h
 00000513			AtualizaObstaculo ENDP

 00000513			RenderScene PROC USES eax edx ecx addrFase: DWORD, tFase: WORD, psObj: BYTE
 00000513  55		   *	    push   ebp
 00000514  8B EC	   *	    mov    ebp, esp
 00000516  50		   *	    push   eax
 00000517  52		   *	    push   edx
 00000518  51		   *	    push   ecx
 00000519  E8 FFFFFE7C		    call MontaGridMapa ;//Grid padrao do mapa
					INVOKE AtualizaFase, addrFase, tFase, psObj ;//Fase e movimentacao dos obstaculos
 0000051E  8A 45 10	   *	    mov    al, byte  ptr ss:[ebp]+010h
 00000521  50		   *	    push   eax
 00000522  83 EC 02	   *	    sub    esp, 002h
 00000525  66| FF 75 0C	   *	    push   word  ptr ss:[ebp]+0000Ch
 00000529  FF 75 08	   *	    push   dword  ptr ss:[ebp]+000000008h
 0000052C  E8 FFFFFEFB	   *	    call   AtualizaFase
				    ret
 00000531  59		   *	    pop    ecx
 00000532  5A		   *	    pop    edx
 00000533  58		   *	    pop    eax
 00000534  C9		   *	    leave  
 00000535  C2 000C	   *	    ret    0000Ch

 00000538			RenderScene ENDP

 00000538			MovimentaJogador PROC USES ecx edx px: DWORD, py: DWORD
					
 00000538  55		   *	    push   ebp
 00000539  8B EC	   *	    mov    ebp, esp
 0000053B  51		   *	    push   ecx
 0000053C  52		   *	    push   edx
 0000053D  83 F8 00			cmp eax, 0
 00000540  74 37			jz RESUME

 00000542  8B 55 0C			mov edx, py
 00000545  8B 4D 08			mov ecx, px

					INVOKE CharToBuffer, [ecx], [edx], ELEMENTO_FUNDO, COR_FUNDO ;//Limpa posicao atual
 00000548  6A 60	   *	    push   +000000060h
 0000054A  6A 20	   *	    push   +000000020h
 0000054C  FF 32	   *	    push   dword  ptr [edx]
 0000054E  FF 31	   *	    push   dword  ptr [ecx]
 00000550  E8 FFFFFEA7	   *	    call   CharToBuffer

 00000555  80 FC 50			cmp ah, 50h
 00000558  74 1D			jz INCREMENTO_Y ;//Cima
 0000055A  80 FC 48			cmp ah, 48h
 0000055D  74 0C			jz DECREMENTO_Y ;//Baixo
 0000055F  80 FC 4D			cmp ah, 4Dh
 00000562  74 0F			jz INCREMENTO_X ;//Direita
 00000564  80 FC 4B			cmp ah, 4Bh
 00000567  74 06			jz DECREMENTO_X ;//Esquerda
 00000569  EB 0E			jmp RESUME

 0000056B				DECREMENTO_Y :
 0000056B  FF 0A			dec DWORD PTR [edx]
 0000056D  EB 0A			jmp RESUME

 0000056F				DECREMENTO_X :
 0000056F  FF 09			dec DWORD PTR[ecx]
 00000571  EB 06			jmp RESUME

 00000573				INCREMENTO_X :
 00000573  FF 01			inc DWORD PTR[ecx]
 00000575  EB 02			jmp RESUME

 00000577				INCREMENTO_Y :
 00000577  FF 02			inc DWORD PTR[edx]

 00000579				RESUME:
					ret
 00000579  5A		   *	    pop    edx
 0000057A  59		   *	    pop    ecx
 0000057B  C9		   *	    leave  
 0000057C  C2 0008	   *	    ret    00008h
 0000057F			MovimentaJogador ENDP

 0000057F			ChecaColisao PROC USES edx ecx px: DWORD, py: DWORD
 0000057F  55		   *	    push   ebp
 00000580  8B EC	   *	    mov    ebp, esp
 00000582  52		   *	    push   edx
 00000583  51		   *	    push   ecx
 00000584  8B 45 0C		    mov eax, py
 00000587  BA 00000078		    mov edx, COLS
 0000058C  F7 E2		    mul edx
 0000058E  03 45 08		    add eax, px
 00000591  0F B7 0C 85			movzx ecx, buffer[eax * CHAR_INFO].Char
	   00000602 R
 00000599  66| 83 3C 85		    cmp buffer[eax * CHAR_INFO].Char, ' '
	   00000602 R 20
 000005A2  74 22		    jz NAO_COLIDIU
 000005A4  66| 81 3C 85		    cmp buffer[eax * CHAR_INFO].Char, 0FEh ;//Garantir que o personagem nao 'colida' consigo mesmo
	   00000602 R
	   00FE
 000005AE  74 16		    jz NAO_COLIDIU
 000005B0  66| 83 3C 85		    cmp buffer[eax * CHAR_INFO].Char, ELEMENTO_OBSTACULO
	   00000602 R 23
 000005B9  74 12		    jz COLIDIU_OBSTACULO
 000005BB  B8 00000002		    mov eax, 2 ;//Colidiu com o objetivo
 000005C0			RESUME2:
				    ret
 000005C0  59		   *	    pop    ecx
 000005C1  5A		   *	    pop    edx
 000005C2  C9		   *	    leave  
 000005C3  C2 0008	   *	    ret    00008h

 000005C6			NAO_COLIDIU:
 000005C6  B8 00000000		    mov eax, 0
 000005CB  EB F3		    jmp RESUME2

 000005CD			COLIDIU_OBSTACULO:
 000005CD  B8 00000001		    mov eax, 1
 000005D2  EB EC		    jmp RESUME2


 000005D4			ChecaColisao ENDP

				END main
Microsoft (R) Macro Assembler Version 14.16.27031.1	    06/30/19 16:48:54
Animation exampl					     Symbols 2 - 1




Structures and Unions:

                N a m e                  Size
                                         Offset      Type

CHARTYPE . . . . . . . . . . . .	 00000002
  UnicodeChar  . . . . . . . . .	 00000000	 Word
  AsciiChar  . . . . . . . . . .	 00000000	 Byte
CHAR_INFO  . . . . . . . . . . .	 00000004
  Char . . . . . . . . . . . . .	 00000000	 Word
  Attributes . . . . . . . . . .	 00000002	 Word
CONSOLE_CURSOR_INFO  . . . . . .	 00000008
  dwSize . . . . . . . . . . . .	 00000000	 DWord
  bVisible . . . . . . . . . . .	 00000004	 DWord
CONSOLE_SCREEN_BUFFER_INFO . . .	 00000016
  dwSize . . . . . . . . . . . .	 00000000	 DWord
  dwCursorPosition . . . . . . .	 00000004	 DWord
  wAttributes  . . . . . . . . .	 00000008	 Word
  srWindow . . . . . . . . . . .	 0000000A	 QWord
  dwMaximumWindowSize  . . . . .	 00000012	 DWord
COORD  . . . . . . . . . . . . .	 00000004
  X  . . . . . . . . . . . . . .	 00000000	 Word
  Y  . . . . . . . . . . . . . .	 00000002	 Word
DADOS_FASE . . . . . . . . . . .	 00000007
  Endr . . . . . . . . . . . . .	 00000000	 DWord
  QtdEl  . . . . . . . . . . . .	 00000004	 Word
  PosObj . . . . . . . . . . . .	 00000006	 Byte
FILETIME . . . . . . . . . . . .	 00000008
  loDateTime . . . . . . . . . .	 00000000	 DWord
  hiDateTime . . . . . . . . . .	 00000004	 DWord
FOCUS_EVENT_RECORD . . . . . . .	 00000004
  bSetFocus  . . . . . . . . . .	 00000000	 DWord
FPU_ENVIRON  . . . . . . . . . .	 0000001C
  controlWord  . . . . . . . . .	 00000000	 Word
  statusWord . . . . . . . . . .	 00000004	 Word
  tagWord  . . . . . . . . . . .	 00000008	 Word
  instrPointerOffset . . . . . .	 0000000C	 DWord
  instrPointerSelector . . . . .	 00000010	 DWord
  operandPointerOffset . . . . .	 00000014	 DWord
  operandPointerSelector . . . .	 00000018	 Word
INPUT_RECORD . . . . . . . . . .	 00000014
  EventType  . . . . . . . . . .	 00000000	 Word
  Event  . . . . . . . . . . . .	 00000004	 XmmWord
  bKeyDown . . . . . . . . . . .	 00000000	 DWord
  wRepeatCount . . . . . . . . .	 00000004	 Word
  wVirtualKeyCode  . . . . . . .	 00000006	 Word
  wVirtualScanCode . . . . . . .	 00000008	 Word
  uChar  . . . . . . . . . . . .	 0000000A	 Word
  UnicodeChar  . . . . . . . . .	 00000000	 Word
  AsciiChar  . . . . . . . . . .	 00000000	 Byte
  dwControlKeyState  . . . . . .	 0000000C	 DWord
  dwMousePosition  . . . . . . .	 00000000	 DWord
  dwButtonState  . . . . . . . .	 00000004	 DWord
  dwMouseControlKeyState . . . .	 00000008	 DWord
  dwEventFlags . . . . . . . . .	 0000000C	 DWord
  dwSize . . . . . . . . . . . .	 00000000	 DWord
  dwCommandId  . . . . . . . . .	 00000000	 DWord
  bSetFocus  . . . . . . . . . .	 00000000	 DWord
KEY_EVENT_RECORD . . . . . . . .	 00000010
  bKeyDown . . . . . . . . . . .	 00000000	 DWord
  wRepeatCount . . . . . . . . .	 00000004	 Word
  wVirtualKeyCode  . . . . . . .	 00000006	 Word
  wVirtualScanCode . . . . . . .	 00000008	 Word
  uChar  . . . . . . . . . . . .	 0000000A	 Word
  UnicodeChar  . . . . . . . . .	 00000000	 Word
  AsciiChar  . . . . . . . . . .	 00000000	 Byte
  dwControlKeyState  . . . . . .	 0000000C	 DWord
MENU_EVENT_RECORD  . . . . . . .	 00000004
  dwCommandId  . . . . . . . . .	 00000000	 DWord
MOUSE_EVENT_RECORD . . . . . . .	 00000010
  dwMousePosition  . . . . . . .	 00000000	 DWord
  dwButtonState  . . . . . . . .	 00000004	 DWord
  dwMouseControlKeyState . . . .	 00000008	 DWord
  dwEventFlags . . . . . . . . .	 0000000C	 DWord
OBSTACULO_FASE . . . . . . . . .	 00000009
  Movimento  . . . . . . . . . .	 00000000	 Byte
  X  . . . . . . . . . . . . . .	 00000001	 DWord
  Y  . . . . . . . . . . . . . .	 00000005	 DWord
SMALL_RECT . . . . . . . . . . .	 00000008
  Left . . . . . . . . . . . . .	 00000000	 Word
  Top  . . . . . . . . . . . . .	 00000002	 Word
  Right  . . . . . . . . . . . .	 00000004	 Word
  Bottom . . . . . . . . . . . .	 00000006	 Word
SSTRING  . . . . . . . . . . . .	 00000008
  PtrString  . . . . . . . . . .	 00000000	 DWord
  TmString . . . . . . . . . . .	 00000004	 Word
  CorString  . . . . . . . . . .	 00000006	 Word
SYSTEMTIME . . . . . . . . . . .	 00000010
  wYear  . . . . . . . . . . . .	 00000000	 Word
  wMonth . . . . . . . . . . . .	 00000002	 Word
  wDayOfWeek . . . . . . . . . .	 00000004	 Word
  wDay . . . . . . . . . . . . .	 00000006	 Word
  wHour  . . . . . . . . . . . .	 00000008	 Word
  wMinute  . . . . . . . . . . .	 0000000A	 Word
  wSecond  . . . . . . . . . . .	 0000000C	 Word
  wMilliseconds  . . . . . . . .	 0000000E	 Word
WINDOW_BUFFER_SIZE_RECORD  . . .	 00000004
  dwSize . . . . . . . . . . . .	 00000000	 DWord


Segments and Groups:

                N a m e                 Size     Length   Align   Combine Class

FLAT . . . . . . . . . . . . . .	GROUP
STACK  . . . . . . . . . . . . .	32 Bit	 00001000 Para	  Stack	  'STACK'	 
_DATA  . . . . . . . . . . . . .	32 Bit	 00003E5A Para	  Public  'DATA'	
_TEXT  . . . . . . . . . . . . .	32 Bit	 000005D4 Para	  Public  'CODE'	


Procedures, parameters, and locals:

                N a m e                 Type     Value    Attr

AtualizaFase . . . . . . . . . .	P Near	 0000042C _TEXT	Length= 0000005B Public STDCALL
  pFase  . . . . . . . . . . . .	DWord	 bp + 00000008
  cFase  . . . . . . . . . . . .	Word	 bp + 0000000C
  pObj . . . . . . . . . . . . .	Byte	 bp + 00000010
  ATUALIZACAO  . . . . . . . . .	L Near	 00000443 _TEXT	
AtualizaObstaculo  . . . . . . .	P Near	 00000487 _TEXT	Length= 0000008C Public STDCALL
  pObstaculo . . . . . . . . . .	DWord	 bp + 00000008
  case0  . . . . . . . . . . . .	L Near	 000004B4 _TEXT	
  case1  . . . . . . . . . . . .	L Near	 000004B6 _TEXT	
  INVERTEY . . . . . . . . . . .	L Near	 000004C5 _TEXT	
  case2  . . . . . . . . . . . .	L Near	 000004CA _TEXT	
  INVERTEY2  . . . . . . . . . .	L Near	 000004D9 _TEXT	
  case3  . . . . . . . . . . . .	L Near	 000004DE _TEXT	
  INVERTEX . . . . . . . . . . .	L Near	 000004ED _TEXT	
  case4  . . . . . . . . . . . .	L Near	 000004F2 _TEXT	
  INVERTEX2  . . . . . . . . . .	L Near	 00000501 _TEXT	
  FIM  . . . . . . . . . . . . .	L Near	 00000504 _TEXT	
CharToBuffer . . . . . . . . . .	P Near	 000003FC _TEXT	Length= 00000030 Public STDCALL
  bufx . . . . . . . . . . . . .	DWord	 bp + 00000008
  bufy . . . . . . . . . . . . .	DWord	 bp + 0000000C
  char . . . . . . . . . . . . .	Word	 bp + 00000010
  cor  . . . . . . . . . . . . .	Word	 bp + 00000014
ChecaColisao . . . . . . . . . .	P Near	 0000057F _TEXT	Length= 00000055 Public STDCALL
  px . . . . . . . . . . . . . .	DWord	 bp + 00000008
  py . . . . . . . . . . . . . .	DWord	 bp + 0000000C
  RESUME2  . . . . . . . . . . .	L Near	 000005C0 _TEXT	
  NAO_COLIDIU  . . . . . . . . .	L Near	 000005C6 _TEXT	
  COLIDIU_OBSTACULO  . . . . . .	L Near	 000005CD _TEXT	
CloseFile  . . . . . . . . . . .	P Near	 00000000 FLAT	Length= 00000000 External STDCALL
CloseHandle  . . . . . . . . . .	P Near	 00000000 FLAT	Length= 00000000 External STDCALL
Clrscr . . . . . . . . . . . . .	P Near	 00000000 FLAT	Length= 00000000 External STDCALL
CreateFileA  . . . . . . . . . .	P Near	 00000000 FLAT	Length= 00000000 External STDCALL
CreateOutputFile . . . . . . . .	P Near	 00000000 FLAT	Length= 00000000 External STDCALL
Crlf . . . . . . . . . . . . . .	P Near	 00000000 FLAT	Length= 00000000 External STDCALL
Delay  . . . . . . . . . . . . .	P Near	 00000000 FLAT	Length= 00000000 External STDCALL
DumpMem  . . . . . . . . . . . .	P Near	 00000000 FLAT	Length= 00000000 External STDCALL
DumpRegs . . . . . . . . . . . .	P Near	 00000000 FLAT	Length= 00000000 External STDCALL
ExibeMenu  . . . . . . . . . . .	P Near	 00000355 _TEXT	Length= 00000045 Public STDCALL
  endMenu  . . . . . . . . . . .	DWord	 bp + 00000008
  tamMenu  . . . . . . . . . . .	Byte	 bp + 0000000C
  LPSt . . . . . . . . . . . . .	L Near	 0000036D _TEXT	
  CTN  . . . . . . . . . . . . .	L Near	 0000038C _TEXT	
ExitProcess  . . . . . . . . . .	P Near	 00000000 FLAT	Length= 00000000 External STDCALL
FileTimeToDosDateTime  . . . . .	P Near	 00000000 FLAT	Length= 00000000 External STDCALL
FileTimeToSystemTime . . . . . .	P Near	 00000000 FLAT	Length= 00000000 External STDCALL
FlushConsoleInputBuffer  . . . .	P Near	 00000000 FLAT	Length= 00000000 External STDCALL
FormatMessageA . . . . . . . . .	P Near	 00000000 FLAT	Length= 00000000 External STDCALL
GetCommandLineA  . . . . . . . .	P Near	 00000000 FLAT	Length= 00000000 External STDCALL
GetCommandTail . . . . . . . . .	P Near	 00000000 FLAT	Length= 00000000 External STDCALL
GetConsoleCP . . . . . . . . . .	P Near	 00000000 FLAT	Length= 00000000 External STDCALL
GetConsoleCursorInfo . . . . . .	P Near	 00000000 FLAT	Length= 00000000 External STDCALL
GetConsoleMode . . . . . . . . .	P Near	 00000000 FLAT	Length= 00000000 External STDCALL
GetConsoleScreenBufferInfo . . .	P Near	 00000000 FLAT	Length= 00000000 External STDCALL
GetDateTime  . . . . . . . . . .	P Near	 00000000 FLAT	Length= 00000000 External STDCALL
GetFileTime  . . . . . . . . . .	P Near	 00000000 FLAT	Length= 00000000 External STDCALL
GetKeyState  . . . . . . . . . .	P Near	 00000000 FLAT	Length= 00000000 External STDCALL
GetLastError . . . . . . . . . .	P Near	 00000000 FLAT	Length= 00000000 External STDCALL
GetLocalTime . . . . . . . . . .	P Near	 00000000 FLAT	Length= 00000000 External STDCALL
GetMaxXY . . . . . . . . . . . .	P Near	 00000000 FLAT	Length= 00000000 External STDCALL
GetMseconds  . . . . . . . . . .	P Near	 00000000 FLAT	Length= 00000000 External STDCALL
GetNumberOfConsoleInputEvents  .	P Near	 00000000 FLAT	Length= 00000000 External STDCALL
GetProcessHeap . . . . . . . . .	P Near	 00000000 FLAT	Length= 00000000 External STDCALL
GetStdHandle . . . . . . . . . .	P Near	 00000000 FLAT	Length= 00000000 External STDCALL
GetSystemTime  . . . . . . . . .	P Near	 00000000 FLAT	Length= 00000000 External STDCALL
GetTextColor . . . . . . . . . .	P Near	 00000000 FLAT	Length= 00000000 External STDCALL
GetTickCount . . . . . . . . . .	P Near	 00000000 FLAT	Length= 00000000 External STDCALL
Gotoxy . . . . . . . . . . . . .	P Near	 00000000 FLAT	Length= 00000000 External STDCALL
HeapAlloc  . . . . . . . . . . .	P Near	 00000000 FLAT	Length= 00000000 External STDCALL
HeapCreate . . . . . . . . . . .	P Near	 00000000 FLAT	Length= 00000000 External STDCALL
HeapDestroy  . . . . . . . . . .	P Near	 00000000 FLAT	Length= 00000000 External STDCALL
HeapFree . . . . . . . . . . . .	P Near	 00000000 FLAT	Length= 00000000 External STDCALL
HeapSize . . . . . . . . . . . .	P Near	 00000000 FLAT	Length= 00000000 External STDCALL
IsDigit  . . . . . . . . . . . .	P Near	 00000000 FLAT	Length= 00000000 External STDCALL
LeTecla  . . . . . . . . . . . .	P Near	 00000308 _TEXT	Length= 00000019 Public STDCALL
  RETORNA  . . . . . . . . . . .	L Near	 00000319 _TEXT	
  SEM_TECLA  . . . . . . . . . .	L Near	 0000031A _TEXT	
LimpaBuffer  . . . . . . . . . .	P Near	 000002D8 _TEXT	Length= 00000030 Public STDCALL
  elBuff . . . . . . . . . . . .	Word	 bp + 00000008
  crBuff . . . . . . . . . . . .	Word	 bp + 0000000C
  LP1  . . . . . . . . . . . . .	L Near	 000002E7 _TEXT	
LocalFree  . . . . . . . . . . .	P Near	 00000000 FLAT	Length= 00000000 External STDCALL
MessageBoxA  . . . . . . . . . .	P Near	 00000000 FLAT	Length= 00000000 External STDCALL
MontaGridMapa  . . . . . . . . .	P Near	 0000039A _TEXT	Length= 00000062 Public STDCALL
  LINHA1 . . . . . . . . . . . .	L Near	 0000039F _TEXT	
  COLUNAS  . . . . . . . . . . .	L Near	 000003B1 _TEXT	
  LINHANROWS . . . . . . . . . .	L Near	 000003D4 _TEXT	
MovimentaJogador . . . . . . . .	P Near	 00000538 _TEXT	Length= 00000047 Public STDCALL
  px . . . . . . . . . . . . . .	DWord	 bp + 00000008
  py . . . . . . . . . . . . . .	DWord	 bp + 0000000C
  DECREMENTO_Y . . . . . . . . .	L Near	 0000056B _TEXT	
  DECREMENTO_X . . . . . . . . .	L Near	 0000056F _TEXT	
  INCREMENTO_X . . . . . . . . .	L Near	 00000573 _TEXT	
  INCREMENTO_Y . . . . . . . . .	L Near	 00000577 _TEXT	
  RESUME . . . . . . . . . . . .	L Near	 00000579 _TEXT	
MsgBoxAsk  . . . . . . . . . . .	P Near	 00000000 FLAT	Length= 00000000 External STDCALL
MsgBox . . . . . . . . . . . . .	P Near	 00000000 FLAT	Length= 00000000 External STDCALL
OpenInputFile  . . . . . . . . .	P Near	 00000000 FLAT	Length= 00000000 External STDCALL
ParseDecimal32 . . . . . . . . .	P Near	 00000000 FLAT	Length= 00000000 External STDCALL
ParseInteger32 . . . . . . . . .	P Near	 00000000 FLAT	Length= 00000000 External STDCALL
PeekConsoleInputA  . . . . . . .	P Near	 00000000 FLAT	Length= 00000000 External STDCALL
PlaySound  . . . . . . . . . . .	P Near	 00000000 FLAT	Length= 00000000 External STDCALL
Random32 . . . . . . . . . . . .	P Near	 00000000 FLAT	Length= 00000000 External STDCALL
RandomRange  . . . . . . . . . .	P Near	 00000000 FLAT	Length= 00000000 External STDCALL
Randomize  . . . . . . . . . . .	P Near	 00000000 FLAT	Length= 00000000 External STDCALL
ReadChar . . . . . . . . . . . .	P Near	 00000000 FLAT	Length= 00000000 External STDCALL
ReadConsoleA . . . . . . . . . .	P Near	 00000000 FLAT	Length= 00000000 External STDCALL
ReadConsoleInputA  . . . . . . .	P Near	 00000000 FLAT	Length= 00000000 External STDCALL
ReadDec  . . . . . . . . . . . .	P Near	 00000000 FLAT	Length= 00000000 External STDCALL
ReadFile . . . . . . . . . . . .	P Near	 00000000 FLAT	Length= 00000000 External STDCALL
ReadFloat  . . . . . . . . . . .	P Near	 00000000 FLAT	Length= 00000000 External STDCALL
ReadFromFile . . . . . . . . . .	P Near	 00000000 FLAT	Length= 00000000 External STDCALL
ReadHex  . . . . . . . . . . . .	P Near	 00000000 FLAT	Length= 00000000 External STDCALL
ReadInt  . . . . . . . . . . . .	P Near	 00000000 FLAT	Length= 00000000 External STDCALL
ReadKeyFlush . . . . . . . . . .	P Near	 00000000 FLAT	Length= 00000000 External STDCALL
ReadKey  . . . . . . . . . . . .	P Near	 00000000 FLAT	Length= 00000000 External STDCALL
ReadString . . . . . . . . . . .	P Near	 00000000 FLAT	Length= 00000000 External STDCALL
RenderScene  . . . . . . . . . .	P Near	 00000513 _TEXT	Length= 00000025 Public STDCALL
  addrFase . . . . . . . . . . .	DWord	 bp + 00000008
  tFase  . . . . . . . . . . . .	Word	 bp + 0000000C
  psObj  . . . . . . . . . . . .	Byte	 bp + 00000010
SetConsoleCursorInfo . . . . . .	P Near	 00000000 FLAT	Length= 00000000 External STDCALL
SetConsoleCursorPosition . . . .	P Near	 00000000 FLAT	Length= 00000000 External STDCALL
SetConsoleMode . . . . . . . . .	P Near	 00000000 FLAT	Length= 00000000 External STDCALL
SetConsoleScreenBufferSize . . .	P Near	 00000000 FLAT	Length= 00000000 External STDCALL
SetConsoleTextAttribute  . . . .	P Near	 00000000 FLAT	Length= 00000000 External STDCALL
SetConsoleTitleA . . . . . . . .	P Near	 00000000 FLAT	Length= 00000000 External STDCALL
SetConsoleWindowInfo . . . . . .	P Near	 00000000 FLAT	Length= 00000000 External STDCALL
SetFilePointer . . . . . . . . .	P Near	 00000000 FLAT	Length= 00000000 External STDCALL
SetLocalTime . . . . . . . . . .	P Near	 00000000 FLAT	Length= 00000000 External STDCALL
SetTextColor . . . . . . . . . .	P Near	 00000000 FLAT	Length= 00000000 External STDCALL
ShowFPUStack . . . . . . . . . .	P Near	 00000000 FLAT	Length= 00000000 External STDCALL
Sleep  . . . . . . . . . . . . .	P Near	 00000000 FLAT	Length= 00000000 External STDCALL
StrLength  . . . . . . . . . . .	P Near	 00000000 FLAT	Length= 00000000 External STDCALL
Str_compare  . . . . . . . . . .	P Near	 00000000 FLAT	Length= 00000000 External STDCALL
Str_copy . . . . . . . . . . . .	P Near	 00000000 FLAT	Length= 00000000 External STDCALL
Str_length . . . . . . . . . . .	P Near	 00000000 FLAT	Length= 00000000 External STDCALL
Str_trim . . . . . . . . . . . .	P Near	 00000000 FLAT	Length= 00000000 External STDCALL
Str_ucase  . . . . . . . . . . .	P Near	 00000000 FLAT	Length= 00000000 External STDCALL
StringParaBuffer . . . . . . . .	P Near	 00000321 _TEXT	Length= 00000034 Public STDCALL
  endString  . . . . . . . . . .	DWord	 bp + 00000008
  stX  . . . . . . . . . . . . .	DWord	 bp + 0000000C
  stY  . . . . . . . . . . . . .	DWord	 bp + 00000010
  corSt  . . . . . . . . . . . .	Word	 bp + 00000014
  ETP1 . . . . . . . . . . . . .	L Near	 0000032D _TEXT	
  ENDST  . . . . . . . . . . . .	L Near	 0000034E _TEXT	
SystemTimeToFileTime . . . . . .	P Near	 00000000 FLAT	Length= 00000000 External STDCALL
WaitMsg  . . . . . . . . . . . .	P Near	 00000000 FLAT	Length= 00000000 External STDCALL
WriteBinB  . . . . . . . . . . .	P Near	 00000000 FLAT	Length= 00000000 External STDCALL
WriteBin . . . . . . . . . . . .	P Near	 00000000 FLAT	Length= 00000000 External STDCALL
WriteChar  . . . . . . . . . . .	P Near	 00000000 FLAT	Length= 00000000 External STDCALL
WriteConsoleA  . . . . . . . . .	P Near	 00000000 FLAT	Length= 00000000 External STDCALL
WriteConsoleOutputAttribute  . .	P Near	 00000000 FLAT	Length= 00000000 External STDCALL
WriteConsoleOutputA  . . . . . .	P Near	 00000000 FLAT	Length= 00000000 External STDCALL
WriteConsoleOutputCharacterA . .	P Near	 00000000 FLAT	Length= 00000000 External STDCALL
WriteDec . . . . . . . . . . . .	P Near	 00000000 FLAT	Length= 00000000 External STDCALL
WriteFile  . . . . . . . . . . .	P Near	 00000000 FLAT	Length= 00000000 External STDCALL
WriteFloat . . . . . . . . . . .	P Near	 00000000 FLAT	Length= 00000000 External STDCALL
WriteHexB  . . . . . . . . . . .	P Near	 00000000 FLAT	Length= 00000000 External STDCALL
WriteHex . . . . . . . . . . . .	P Near	 00000000 FLAT	Length= 00000000 External STDCALL
WriteInt . . . . . . . . . . . .	P Near	 00000000 FLAT	Length= 00000000 External STDCALL
WriteStackFrameName  . . . . . .	P Near	 00000000 FLAT	Length= 00000000 External STDCALL
WriteStackFrame  . . . . . . . .	P Near	 00000000 FLAT	Length= 00000000 External STDCALL
WriteString  . . . . . . . . . .	P Near	 00000000 FLAT	Length= 00000000 External STDCALL
WriteToFile  . . . . . . . . . .	P Near	 00000000 FLAT	Length= 00000000 External STDCALL
WriteWindowsMsg  . . . . . . . .	P Near	 00000000 FLAT	Length= 00000000 External STDCALL
main . . . . . . . . . . . . . .	P Near	 00000000 _TEXT	Length= 000002D8 Public STDCALL
  ESTADO_MENU  . . . . . . . . .	L Near	 0000001E _TEXT	
  ESTADO_MENU2 . . . . . . . . .	L Near	 00000030 _TEXT	
  AGUARDA_MSG_MENU . . . . . . .	L Near	 0000005D _TEXT	
  ESTADO_INSTRUCOES  . . . . . .	L Near	 00000078 _TEXT	
  AGUARDA_MSG_INSTRUCOES . . . .	L Near	 000000A5 _TEXT	
  ESTADO_CREDITOS  . . . . . . .	L Near	 000000B0 _TEXT	
  AGUARDA_MSG_CREDITOS . . . . .	L Near	 000000FE _TEXT	
  ESTADO_CONTAGEM  . . . . . . .	L Near	 0000010E _TEXT	
  REGRESSIVA . . . . . . . . . .	L Near	 0000012B _TEXT	
  ESTADO_JOGO  . . . . . . . . .	L Near	 00000171 _TEXT	
  LOOP_JOGO  . . . . . . . . . .	L Near	 0000017A _TEXT	
  REINICIA . . . . . . . . . . .	L Near	 000001D7 _TEXT	
  CONTINUE . . . . . . . . . . .	L Near	 00000207 _TEXT	
  ESTADO_TROCA_FASE  . . . . . .	L Near	 0000024A _TEXT	
  ESTADO_PAUSA . . . . . . . . .	L Near	 00000290 _TEXT	
  SAIR . . . . . . . . . . . . .	L Near	 000002A7 _TEXT	
printf . . . . . . . . . . . . .	P Near	 00000000 FLAT	Length= 00000000 External C
scanf  . . . . . . . . . . . . .	P Near	 00000000 FLAT	Length= 00000000 External C
wsprintfA  . . . . . . . . . . .	P Near	 00000000 FLAT	Length= 00000000 External C


Symbols:

                N a m e                 Type     Value    Attr

@CodeSize  . . . . . . . . . . .	Number	 00000000h   
@DataSize  . . . . . . . . . . .	Number	 00000000h   
@Interface . . . . . . . . . . .	Number	 00000003h   
@Model . . . . . . . . . . . . .	Number	 00000007h   
@code  . . . . . . . . . . . . .	Text   	 _TEXT
@data  . . . . . . . . . . . . .	Text   	 FLAT
@fardata?  . . . . . . . . . . .	Text   	 FLAT
@fardata . . . . . . . . . . . .	Text   	 FLAT
@stack . . . . . . . . . . . . .	Text   	 FLAT
ALT_MASK . . . . . . . . . . . .	Number	 00000003h   
CAPSLOCK_ON  . . . . . . . . . .	Number	 00000080h   
COLS . . . . . . . . . . . . . .	Number	 00000078h   
COR_FUNDO  . . . . . . . . . . .	Number	 00000060h   
COR_MENU . . . . . . . . . . . .	Number	 0000000Fh   
COR_OBJETIVO . . . . . . . . . .	Number	 0000006Bh   
COR_OBSTACULO  . . . . . . . . .	Number	 0000006Fh   
COR_PERSONAGEM . . . . . . . . .	Number	 00000064h   
COR_RODAPE . . . . . . . . . . .	Number	 00000006h   
CREATE_ALWAYS  . . . . . . . . .	Number	 00000002h   
CREATE_NEW . . . . . . . . . . .	Number	 00000001h   
CTRL_MASK  . . . . . . . . . . .	Number	 0000000Ch   
CreateFile . . . . . . . . . . .	Text   	 CreateFileA
DO_NOT_SHARE . . . . . . . . . .	Number	 00000000h   
ELEMENTO_FUNDO . . . . . . . . .	Number	 00000020h   
ELEMENTO_OBJETIVO  . . . . . . .	Number	 0000004Fh   
ELEMENTO_OBSTACULO . . . . . . .	Number	 00000023h   
ELEMENTO_PERSONAGEM  . . . . . .	Number	 000000FEh   
ENABLE_ECHO_INPUT  . . . . . . .	Number	 00000004h   
ENABLE_LINE_INPUT  . . . . . . .	Number	 00000002h   
ENABLE_MOUSE_INPUT . . . . . . .	Number	 00000010h   
ENABLE_PROCESSED_INPUT . . . . .	Number	 00000001h   
ENABLE_PROCESSED_OUTPUT  . . . .	Number	 00000001h   
ENABLE_WINDOW_INPUT  . . . . . .	Number	 00000008h   
ENABLE_WRAP_AT_EOL_OUTPUT  . . .	Number	 00000002h   
ENHANCED_KEY . . . . . . . . . .	Number	 00000100h   
FALSE  . . . . . . . . . . . . .	Number	 00000000h   
FILE_APPEND_DATA . . . . . . . .	Number	 00000004h   
FILE_ATTRIBUTE_ARCHIVE . . . . .	Number	 00000020h   
FILE_ATTRIBUTE_COMPRESSED  . . .	Number	 00000800h   
FILE_ATTRIBUTE_DEVICE  . . . . .	Number	 00000040h   
FILE_ATTRIBUTE_DIRECTORY . . . .	Number	 00000010h   
FILE_ATTRIBUTE_ENCRYPTED . . . .	Number	 00004000h   
FILE_ATTRIBUTE_HIDDEN  . . . . .	Number	 00000002h   
FILE_ATTRIBUTE_NORMAL  . . . . .	Number	 00000080h   
FILE_ATTRIBUTE_NOT_CONTENT_INDEXED .	Number	 00002000h   
FILE_ATTRIBUTE_OFFLINE . . . . .	Number	 00001000h   
FILE_ATTRIBUTE_READONLY  . . . .	Number	 00000001h   
FILE_ATTRIBUTE_REPARSE_POINT . .	Number	 00000400h   
FILE_ATTRIBUTE_SPARSE_FILE . . .	Number	 00000200h   
FILE_ATTRIBUTE_SYSTEM  . . . . .	Number	 00000004h   
FILE_ATTRIBUTE_TEMPORARY . . . .	Number	 00000100h   
FILE_BEGIN . . . . . . . . . . .	Number	 00000000h   
FILE_CURRENT . . . . . . . . . .	Number	 00000001h   
FILE_DELETE_CHILD  . . . . . . .	Number	 00000040h   
FILE_END . . . . . . . . . . . .	Number	 00000002h   
FILE_READ_DATA . . . . . . . . .	Number	 00000001h   
FILE_SHARE_DELETE  . . . . . . .	Number	 00000004h   
FILE_SHARE_READ  . . . . . . . .	Number	 00000001h   
FILE_SHARE_WRITE . . . . . . . .	Number	 00000002h   
FILE_WRITE_DATA  . . . . . . . .	Number	 00000002h   
FOCUS_EVENT  . . . . . . . . . .	Number	 00000010h   
FORMAT_MESSAGE_ALLOCATE_BUFFER .	Number	 00000100h   
FORMAT_MESSAGE_FROM_SYSTEM . . .	Number	 00001000h   
FormatMessage  . . . . . . . . .	Text   	 FormatMessageA
GENERIC_ALL  . . . . . . . . . .	Number	 10000000h   
GENERIC_EXECUTE  . . . . . . . .	Number	 20000000h   
GENERIC_READ . . . . . . . . . .	Number	 -80000000h   
GENERIC_WRITE  . . . . . . . . .	Number	 40000000h   
GetCommandLine . . . . . . . . .	Text   	 GetCommandLineA
HANDLE . . . . . . . . . . . . .	Text   	 DWORD
HEAP_GENERATE_EXCEPTIONS . . . .	Number	 00000004h   
HEAP_GROWABLE  . . . . . . . . .	Number	 00000002h   
HEAP_NO_SERIALIZE  . . . . . . .	Number	 00000001h   
HEAP_REALLOC_IN_PLACE_ONLY . . .	Number	 00000010h   
HEAP_ZERO_MEMORY . . . . . . . .	Number	 00000008h   
IDABORT  . . . . . . . . . . . .	Number	 00000003h   
IDCANCEL . . . . . . . . . . . .	Number	 00000002h   
IDCLOSE  . . . . . . . . . . . .	Number	 00000008h   
IDCONTINUE . . . . . . . . . . .	Number	 0000000Bh   
IDHELP . . . . . . . . . . . . .	Number	 00000009h   
IDIGNORE . . . . . . . . . . . .	Number	 00000005h   
IDNO . . . . . . . . . . . . . .	Number	 00000007h   
IDOK . . . . . . . . . . . . . .	Number	 00000001h   
IDRETRY  . . . . . . . . . . . .	Number	 00000004h   
IDTIMEOUT  . . . . . . . . . . .	Number	 00007D00h   
IDTRYAGAIN . . . . . . . . . . .	Number	 0000000Ah   
IDYES  . . . . . . . . . . . . .	Number	 00000006h   
INI_X  . . . . . . . . . . . . .	Number	 00000077h   
INI_Y  . . . . . . . . . . . . .	Number	 0000000Fh   
INVALID_HANDLE_VALUE . . . . . .	Number	 -00000001h   
KBDOWN_FLAG  . . . . . . . . . .	Number	 00000001h   
KEY_EVENT  . . . . . . . . . . .	Number	 00000001h   
KEY_MASKS  . . . . . . . . . . .	Number	 0000001Fh   
LEFT_ALT_PRESSED . . . . . . . .	Number	 00000002h   
LEFT_CTRL_PRESSED  . . . . . . .	Number	 00000008h   
MB_ABORTRETRYIGNORE  . . . . . .	Number	 00000002h   
MB_APPLMODAL . . . . . . . . . .	Number	 00000000h   
MB_CANCELTRYCONTINUE . . . . . .	Number	 00000006h   
MB_DEFBUTTON1  . . . . . . . . .	Number	 00000000h   
MB_DEFBUTTON2  . . . . . . . . .	Number	 00000100h   
MB_DEFBUTTON3  . . . . . . . . .	Number	 00000200h   
MB_DEFBUTTON4  . . . . . . . . .	Number	 00000300h   
MB_HELP  . . . . . . . . . . . .	Number	 00004000h   
MB_ICONASTERISK  . . . . . . . .	Number	 00000040h   
MB_ICONERROR . . . . . . . . . .	Number	 00000010h   
MB_ICONEXCLAMATION . . . . . . .	Number	 00000030h   
MB_ICONHAND  . . . . . . . . . .	Number	 00000010h   
MB_ICONINFORMATION . . . . . . .	Number	 00000040h   
MB_ICONQUESTION  . . . . . . . .	Number	 00000020h   
MB_ICONSTOP  . . . . . . . . . .	Number	 00000010h   
MB_ICONWARNING . . . . . . . . .	Number	 00000030h   
MB_OKCANCEL  . . . . . . . . . .	Number	 00000001h   
MB_OK  . . . . . . . . . . . . .	Number	 00000000h   
MB_RETRYCANCEL . . . . . . . . .	Number	 00000005h   
MB_SYSTEMMODAL . . . . . . . . .	Number	 00001000h   
MB_TASKMODAL . . . . . . . . . .	Number	 00002000h   
MB_USERICON  . . . . . . . . . .	Number	 00000080h   
MB_YESNOCANCEL . . . . . . . . .	Number	 00000003h   
MB_YESNO . . . . . . . . . . . .	Number	 00000004h   
MENU_EVENT . . . . . . . . . . .	Number	 00000008h   
MOUSE_EVENT  . . . . . . . . . .	Number	 00000002h   
MessageBox . . . . . . . . . . .	Text   	 MessageBoxA
NULL . . . . . . . . . . . . . .	Number	 00000000h   
NUMLOCK_ON . . . . . . . . . . .	Number	 00000020h   
OPEN_ALWAYS  . . . . . . . . . .	Number	 00000004h   
OPEN_EXISTING  . . . . . . . . .	Number	 00000003h   
PeekConsoleInput . . . . . . . .	Text   	 PeekConsoleInputA
RIGHT_ALT_PRESSED  . . . . . . .	Number	 00000001h   
RIGHT_CTRL_PRESSED . . . . . . .	Number	 00000004h   
ROWS . . . . . . . . . . . . . .	Number	 0000001Eh   
ReadConsoleInput . . . . . . . .	Text   	 ReadConsoleInputA
ReadConsole  . . . . . . . . . .	Text   	 ReadConsoleA
SCROLLLOCK_ON  . . . . . . . . .	Number	 00000040h   
SHIFT_MASK . . . . . . . . . . .	Number	 00000010h   
SHIFT_PRESSED  . . . . . . . . .	Number	 00000010h   
SND_ALIAS  . . . . . . . . . . .	DWord	 0000000E _DATA	
SND_ALOOP  . . . . . . . . . . .	DWord	 00000022 _DATA	
SND_ASYNC  . . . . . . . . . . .	DWord	 0000001A _DATA	
SND_FILENAME . . . . . . . . . .	DWord	 00000016 _DATA	
SND_LOOP . . . . . . . . . . . .	DWord	 0000001E _DATA	
SND_RESOURCE . . . . . . . . . .	DWord	 00000012 _DATA	
STD_ERROR_HANDLE . . . . . . . .	Number	 -0000000Ch   
STD_INPUT_HANDLE . . . . . . . .	Number	 -0000000Ah   
STD_OUTPUT_HANDLE  . . . . . . .	Number	 -0000000Bh   
SetConsoleTitle  . . . . . . . .	Text   	 SetConsoleTitleA
TAB  . . . . . . . . . . . . . .	Number	 00000009h   
TRUE . . . . . . . . . . . . . .	Number	 00000001h   
TRUNCATE_EXISTING  . . . . . . .	Number	 00000005h   
VK_11  . . . . . . . . . . . . .	Number	 000000BDh   
VK_12  . . . . . . . . . . . . .	Number	 000000BBh   
VK_ADD . . . . . . . . . . . . .	Number	 0000006Bh   
VK_BACK  . . . . . . . . . . . .	Number	 00000008h   
VK_CANCEL  . . . . . . . . . . .	Number	 00000003h   
VK_CAPITAL . . . . . . . . . . .	Number	 00000014h   
VK_CLEAR . . . . . . . . . . . .	Number	 0000000Ch   
VK_CONTROL . . . . . . . . . . .	Number	 00000011h   
VK_DECIMAL . . . . . . . . . . .	Number	 0000006Eh   
VK_DELETE  . . . . . . . . . . .	Number	 0000002Eh   
VK_DIVIDE  . . . . . . . . . . .	Number	 0000006Fh   
VK_DOWN  . . . . . . . . . . . .	Number	 00000028h   
VK_END . . . . . . . . . . . . .	Number	 00000023h   
VK_ESCAPE  . . . . . . . . . . .	Number	 0000001Bh   
VK_EXECUTE . . . . . . . . . . .	Number	 0000002Bh   
VK_F10 . . . . . . . . . . . . .	Number	 00000079h   
VK_F11 . . . . . . . . . . . . .	Number	 0000007Ah   
VK_F12 . . . . . . . . . . . . .	Number	 0000007Bh   
VK_F13 . . . . . . . . . . . . .	Number	 0000007Ch   
VK_F14 . . . . . . . . . . . . .	Number	 0000007Dh   
VK_F15 . . . . . . . . . . . . .	Number	 0000007Eh   
VK_F16 . . . . . . . . . . . . .	Number	 0000007Fh   
VK_F17 . . . . . . . . . . . . .	Number	 00000080h   
VK_F18 . . . . . . . . . . . . .	Number	 00000081h   
VK_F19 . . . . . . . . . . . . .	Number	 00000082h   
VK_F1  . . . . . . . . . . . . .	Number	 00000070h   
VK_F20 . . . . . . . . . . . . .	Number	 00000083h   
VK_F21 . . . . . . . . . . . . .	Number	 00000084h   
VK_F22 . . . . . . . . . . . . .	Number	 00000085h   
VK_F23 . . . . . . . . . . . . .	Number	 00000086h   
VK_F24 . . . . . . . . . . . . .	Number	 00000087h   
VK_F2  . . . . . . . . . . . . .	Number	 00000071h   
VK_F3  . . . . . . . . . . . . .	Number	 00000072h   
VK_F4  . . . . . . . . . . . . .	Number	 00000073h   
VK_F5  . . . . . . . . . . . . .	Number	 00000074h   
VK_F6  . . . . . . . . . . . . .	Number	 00000075h   
VK_F7  . . . . . . . . . . . . .	Number	 00000076h   
VK_F8  . . . . . . . . . . . . .	Number	 00000077h   
VK_F9  . . . . . . . . . . . . .	Number	 00000078h   
VK_HELP  . . . . . . . . . . . .	Number	 0000002Fh   
VK_HOME  . . . . . . . . . . . .	Number	 00000024h   
VK_INSERT  . . . . . . . . . . .	Number	 0000002Dh   
VK_LBUTTON . . . . . . . . . . .	Number	 00000001h   
VK_LCONTROL  . . . . . . . . . .	Number	 000000A2h   
VK_LEFT  . . . . . . . . . . . .	Number	 00000025h   
VK_LMENU . . . . . . . . . . . .	Number	 000000A4h   
VK_LSHIFT  . . . . . . . . . . .	Number	 000000A0h   
VK_MENU  . . . . . . . . . . . .	Number	 00000012h   
VK_MULTIPLY  . . . . . . . . . .	Number	 0000006Ah   
VK_NEXT  . . . . . . . . . . . .	Number	 00000022h   
VK_NUMLOCK . . . . . . . . . . .	Number	 00000090h   
VK_NUMPAD0 . . . . . . . . . . .	Number	 00000060h   
VK_NUMPAD1 . . . . . . . . . . .	Number	 00000061h   
VK_NUMPAD2 . . . . . . . . . . .	Number	 00000062h   
VK_NUMPAD3 . . . . . . . . . . .	Number	 00000063h   
VK_NUMPAD4 . . . . . . . . . . .	Number	 00000064h   
VK_NUMPAD5 . . . . . . . . . . .	Number	 00000065h   
VK_NUMPAD6 . . . . . . . . . . .	Number	 00000066h   
VK_NUMPAD7 . . . . . . . . . . .	Number	 00000067h   
VK_NUMPAD8 . . . . . . . . . . .	Number	 00000068h   
VK_NUMPAD9 . . . . . . . . . . .	Number	 00000069h   
VK_PAUSE . . . . . . . . . . . .	Number	 00000013h   
VK_PRINT . . . . . . . . . . . .	Number	 0000002Ah   
VK_PRIOR . . . . . . . . . . . .	Number	 00000021h   
VK_RBUTTON . . . . . . . . . . .	Number	 00000002h   
VK_RCONTROL  . . . . . . . . . .	Number	 000000A3h   
VK_RETURN  . . . . . . . . . . .	Number	 0000000Dh   
VK_RIGHT . . . . . . . . . . . .	Number	 00000027h   
VK_RMENU . . . . . . . . . . . .	Number	 000000A5h   
VK_RSHIFT  . . . . . . . . . . .	Number	 000000A1h   
VK_SCROLL  . . . . . . . . . . .	Number	 00000091h   
VK_SEPARATER . . . . . . . . . .	Number	 0000006Ch   
VK_SHIFT . . . . . . . . . . . .	Number	 00000010h   
VK_SNAPSHOT  . . . . . . . . . .	Number	 0000002Ch   
VK_SPACE . . . . . . . . . . . .	Number	 00000020h   
VK_SUBTRACT  . . . . . . . . . .	Number	 0000006Dh   
VK_TAB . . . . . . . . . . . . .	Number	 00000009h   
VK_UP  . . . . . . . . . . . . .	Number	 00000026h   
WINDOW_BUFFER_SIZE_EVENT . . . .	Number	 00000004h   
WriteConsoleOutputCharacter  . .	Text   	 WriteConsoleOutputCharacterA
WriteConsoleOutput . . . . . . .	Text   	 WriteConsoleOutputA
WriteConsole . . . . . . . . . .	Text   	 WriteConsoleA
aCreditos  . . . . . . . . . . .	SSTRING	 000003A1 _DATA	
aInstrucoes  . . . . . . . . . .	SSTRING	 00000263 _DATA	
aMenu  . . . . . . . . . . . . .	SSTRING	 000000D2 _DATA	
addrBLine  . . . . . . . . . . .	Number	 0000005Bh   
addrRdp2 . . . . . . . . . . . .	Number	 0000006Dh   
addrRdp  . . . . . . . . . . . .	Number	 0000005Dh   
black  . . . . . . . . . . . . .	Number	 00000000h   
blue . . . . . . . . . . . . . .	Number	 00000001h   
brown  . . . . . . . . . . . . .	Number	 00000006h   
bufferCoord  . . . . . . . . . .	COORD	 00003E46 _DATA	
bufferSize . . . . . . . . . . .	COORD	 00003E42 _DATA	
buffer . . . . . . . . . . . . .	CHAR_INFO  00000602 _DATA	
character  . . . . . . . . . . .	Word	 00000059 _DATA	
congrats . . . . . . . . . . . .	Byte	 0000003D _DATA	
console  . . . . . . . . . . . .	DWord	 000005FE _DATA	
cpBLine  . . . . . . . . . . . .	Number	 00000001h   
cpRdp2 . . . . . . . . . . . . .	Number	 0000002Ah   
cpRdp  . . . . . . . . . . . . .	Number	 00000010h   
cyan . . . . . . . . . . . . . .	Number	 00000003h   
deviceConnect  . . . . . . . . .	Byte	 00000000 _DATA	
exit . . . . . . . . . . . . . .	Text   	 INVOKE ExitProcess,0
fail . . . . . . . . . . . . . .	Byte	 00000026 _DATA	
fase1  . . . . . . . . . . . . .	OBSTACULO_FASE  000003F1 _DATA	
fase2  . . . . . . . . . . . . .	OBSTACULO_FASE  00000481 _DATA	
fase3  . . . . . . . . . . . . .	OBSTACULO_FASE  00000523 _DATA	
fases  . . . . . . . . . . . . .	DADOS_FASE  000005E9 _DATA	
gray . . . . . . . . . . . . . .	Number	 00000008h   
green  . . . . . . . . . . . . .	Number	 00000002h   
lightBlue  . . . . . . . . . . .	Number	 00000009h   
lightCyan  . . . . . . . . . . .	Number	 0000000Bh   
lightGray  . . . . . . . . . . .	Number	 00000007h   
lightGreen . . . . . . . . . . .	Number	 0000000Ah   
lightMagenta . . . . . . . . . .	Number	 0000000Dh   
lightRed . . . . . . . . . . . .	Number	 0000000Ch   
magenta  . . . . . . . . . . . .	Number	 00000005h   
menu_music . . . . . . . . . . .	Byte	 0000004A _DATA	
prox_fasew . . . . . . . . . . .	Byte	 00000032 _DATA	
red  . . . . . . . . . . . . . .	Number	 00000004h   
region . . . . . . . . . . . . .	SMALL_RECT  00003E4A _DATA	
sBLine . . . . . . . . . . . . .	Byte	 0000005B _DATA	
sCrdtL1  . . . . . . . . . . . .	Byte	 000002AB _DATA	
sCrdtL2  . . . . . . . . . . . .	Byte	 000002BF _DATA	
sCrdtL3  . . . . . . . . . . . .	Byte	 000002FD _DATA	
sCrdtL4  . . . . . . . . . . . .	Byte	 00000339 _DATA	
sCrdtL5  . . . . . . . . . . . .	Byte	 00000362 _DATA	
sCrdtL6  . . . . . . . . . . . .	Byte	 0000037D _DATA	
sInstL1  . . . . . . . . . . . .	Byte	 0000011E _DATA	
sInstL2  . . . . . . . . . . . .	Byte	 0000015D _DATA	
sInstL3  . . . . . . . . . . . .	Byte	 00000180 _DATA	
sInstL4  . . . . . . . . . . . .	Byte	 000001E3 _DATA	
sInstL5  . . . . . . . . . . . .	Byte	 00000224 _DATA	
sInstL6  . . . . . . . . . . . .	Byte	 0000025A _DATA	
sInstrucoes  . . . . . . . . . .	Byte	 00000112 _DATA	
sMenuInst  . . . . . . . . . . .	Byte	 000000A7 _DATA	
sMenuJogar . . . . . . . . . . .	Byte	 0000009D _DATA	
sMenuSair  . . . . . . . . . . .	Byte	 000000C1 _DATA	
sMenu  . . . . . . . . . . . . .	Byte	 00000097 _DATA	
sRdp2  . . . . . . . . . . . . .	Byte	 0000006D _DATA	
sRdp . . . . . . . . . . . . . .	Byte	 0000005D _DATA	
white  . . . . . . . . . . . . .	Number	 0000000Fh   
wsprintf . . . . . . . . . . . .	Text   	 wsprintfA
x  . . . . . . . . . . . . . . .	DWord	 00003E52 _DATA	
yellow . . . . . . . . . . . . .	Number	 0000000Eh   
y  . . . . . . . . . . . . . . .	DWord	 00003E56 _DATA	

	   0 Warnings
	   0 Errors
